[     252ms] [ERROR] Failed to load resource: the server responded with a status of 404 (Not Found) @ http://localhost:7001/favicon.ico:0
[     270ms] [WARNING] [i18n] missing: application:Failed to sign in @ http://localhost:7001/src/i18n/index.ts:63
[     270ms] [WARNING] [intlify] Fall back to translate 'application:Failed to sign in' key with 'en' locale. @ http://localhost:7001/node_modules/.vite/deps/vue-i18n.js?v=6b4ba82f:23
[     270ms] [WARNING] [i18n] missing: application:Failed to sign in @ http://localhost:7001/src/i18n/index.ts:63
[     270ms] [WARNING] [i18n] missing: general:There was a problem signing in @ http://localhost:7001/src/i18n/index.ts:63
[     270ms] [WARNING] [intlify] Fall back to translate 'general:There was a problem signing in' key with 'en' locale. @ http://localhost:7001/node_modules/.vite/deps/vue-i18n.js?v=6b4ba82f:23
[     270ms] [WARNING] [i18n] missing: general:There was a problem signing in @ http://localhost:7001/src/i18n/index.ts:63
[     273ms] [WARNING] [i18n] missing: login:Back @ http://localhost:7001/src/i18n/index.ts:63
[     273ms] [WARNING] [intlify] Fall back to translate 'login:Back' key with 'en' locale. @ http://localhost:7001/node_modules/.vite/deps/vue-i18n.js?v=6b4ba82f:23
[     273ms] [WARNING] [i18n] missing: login:Back @ http://localhost:7001/src/i18n/index.ts:63
[     275ms] [WARNING] [i18n] missing: login:Unknown application @ http://localhost:7001/src/i18n/index.ts:63
[     275ms] [WARNING] [intlify] Fall back to translate 'login:Unknown application' key with 'en' locale. @ http://localhost:7001/node_modules/.vite/deps/vue-i18n.js?v=6b4ba82f:23
[     275ms] [WARNING] [i18n] missing: login:Unknown application @ http://localhost:7001/src/i18n/index.ts:63
[     275ms] [WARNING] [i18n] missing: application:Failed to sign in @ http://localhost:7001/src/i18n/index.ts:63
[     275ms] [WARNING] [intlify] Fall back to translate 'application:Failed to sign in' key with 'en' locale. @ http://localhost:7001/node_modules/.vite/deps/vue-i18n.js?v=6b4ba82f:23
[     275ms] [WARNING] [i18n] missing: application:Failed to sign in @ http://localhost:7001/src/i18n/index.ts:63
[     275ms] [WARNING] [i18n] missing: login:Back @ http://localhost:7001/src/i18n/index.ts:63
[     275ms] [WARNING] [intlify] Fall back to translate 'login:Back' key with 'en' locale. @ http://localhost:7001/node_modules/.vite/deps/vue-i18n.js?v=6b4ba82f:23
[     275ms] [WARNING] [i18n] missing: login:Back @ http://localhost:7001/src/i18n/index.ts:63
[   52083ms] [WARNING] [i18n] missing: application:Failed to sign in @ http://localhost:7001/src/i18n/index.ts:63
[   52083ms] [WARNING] [intlify] Fall back to translate 'application:Failed to sign in' key with 'en' locale. @ http://localhost:7001/node_modules/.vite/deps/vue-i18n.js?v=6b4ba82f:23
[   52083ms] [WARNING] [i18n] missing: application:Failed to sign in @ http://localhost:7001/src/i18n/index.ts:63
[   52083ms] [WARNING] [i18n] missing: general:There was a problem signing in @ http://localhost:7001/src/i18n/index.ts:63
[   52083ms] [WARNING] [intlify] Fall back to translate 'general:There was a problem signing in' key with 'en' locale. @ http://localhost:7001/node_modules/.vite/deps/vue-i18n.js?v=6b4ba82f:23
[   52083ms] [WARNING] [i18n] missing: general:There was a problem signing in @ http://localhost:7001/src/i18n/index.ts:63
[   52086ms] [WARNING] [i18n] missing: login:Back @ http://localhost:7001/src/i18n/index.ts:63
[   52086ms] [WARNING] [intlify] Fall back to translate 'login:Back' key with 'en' locale. @ http://localhost:7001/node_modules/.vite/deps/vue-i18n.js?v=6b4ba82f:23
[   52086ms] [WARNING] [i18n] missing: login:Back @ http://localhost:7001/src/i18n/index.ts:63
[   52087ms] [WARNING] [i18n] missing: login:Unknown application @ http://localhost:7001/src/i18n/index.ts:63
[   52087ms] [WARNING] [intlify] Fall back to translate 'login:Unknown application' key with 'en' locale. @ http://localhost:7001/node_modules/.vite/deps/vue-i18n.js?v=6b4ba82f:23
[   52087ms] [WARNING] [i18n] missing: login:Unknown application @ http://localhost:7001/src/i18n/index.ts:63
[   52088ms] [WARNING] [i18n] missing: application:Failed to sign in @ http://localhost:7001/src/i18n/index.ts:63
[   52088ms] [WARNING] [intlify] Fall back to translate 'application:Failed to sign in' key with 'en' locale. @ http://localhost:7001/node_modules/.vite/deps/vue-i18n.js?v=6b4ba82f:23
[   52088ms] [WARNING] [i18n] missing: application:Failed to sign in @ http://localhost:7001/src/i18n/index.ts:63
[   52088ms] [WARNING] [i18n] missing: login:Back @ http://localhost:7001/src/i18n/index.ts:63
[   52088ms] [WARNING] [intlify] Fall back to translate 'login:Back' key with 'en' locale. @ http://localhost:7001/node_modules/.vite/deps/vue-i18n.js?v=6b4ba82f:23
[   52088ms] [WARNING] [i18n] missing: login:Back @ http://localhost:7001/src/i18n/index.ts:63
[   52089ms] [WARNING] [i18n] missing: application:Failed to sign in @ http://localhost:7001/src/i18n/index.ts:63
[   52089ms] [WARNING] [intlify] Fall back to translate 'application:Failed to sign in' key with 'en' locale. @ http://localhost:7001/node_modules/.vite/deps/vue-i18n.js?v=6b4ba82f:23
[   52089ms] [WARNING] [i18n] missing: application:Failed to sign in @ http://localhost:7001/src/i18n/index.ts:63
[   52089ms] [WARNING] [i18n] missing: general:There was a problem signing in @ http://localhost:7001/src/i18n/index.ts:63
[   52089ms] [WARNING] [intlify] Fall back to translate 'general:There was a problem signing in' key with 'en' locale. @ http://localhost:7001/node_modules/.vite/deps/vue-i18n.js?v=6b4ba82f:23
[   52089ms] [WARNING] [i18n] missing: general:There was a problem signing in @ http://localhost:7001/src/i18n/index.ts:63
[   52091ms] [WARNING] [i18n] missing: login:Back @ http://localhost:7001/src/i18n/index.ts:63
[   52091ms] [WARNING] [intlify] Fall back to translate 'login:Back' key with 'en' locale. @ http://localhost:7001/node_modules/.vite/deps/vue-i18n.js?v=6b4ba82f:23
[   52091ms] [WARNING] [i18n] missing: login:Back @ http://localhost:7001/src/i18n/index.ts:63
[   52092ms] [WARNING] [i18n] missing: login:Unknown application @ http://localhost:7001/src/i18n/index.ts:63
[   52092ms] [WARNING] [intlify] Fall back to translate 'login:Unknown application' key with 'en' locale. @ http://localhost:7001/node_modules/.vite/deps/vue-i18n.js?v=6b4ba82f:23
[   52092ms] [WARNING] [i18n] missing: login:Unknown application @ http://localhost:7001/src/i18n/index.ts:63
[   52092ms] [WARNING] [i18n] missing: application:Failed to sign in @ http://localhost:7001/src/i18n/index.ts:63
[   52092ms] [WARNING] [intlify] Fall back to translate 'application:Failed to sign in' key with 'en' locale. @ http://localhost:7001/node_modules/.vite/deps/vue-i18n.js?v=6b4ba82f:23
[   52092ms] [WARNING] [i18n] missing: application:Failed to sign in @ http://localhost:7001/src/i18n/index.ts:63
[   52092ms] [WARNING] [i18n] missing: login:Back @ http://localhost:7001/src/i18n/index.ts:63
[   52092ms] [WARNING] [intlify] Fall back to translate 'login:Back' key with 'en' locale. @ http://localhost:7001/node_modules/.vite/deps/vue-i18n.js?v=6b4ba82f:23
[   52092ms] [WARNING] [i18n] missing: login:Back @ http://localhost:7001/src/i18n/index.ts:63
[   52246ms] [WARNING] [i18n] missing: application:Failed to sign in @ http://localhost:7001/src/i18n/index.ts:63
[   52246ms] [WARNING] [intlify] Fall back to translate 'application:Failed to sign in' key with 'en' locale. @ http://localhost:7001/node_modules/.vite/deps/vue-i18n.js?v=6b4ba82f:23
[   52246ms] [WARNING] [i18n] missing: application:Failed to sign in @ http://localhost:7001/src/i18n/index.ts:63
[   52246ms] [WARNING] [i18n] missing: general:There was a problem signing in @ http://localhost:7001/src/i18n/index.ts:63
[   52246ms] [WARNING] [intlify] Fall back to translate 'general:There was a problem signing in' key with 'en' locale. @ http://localhost:7001/node_modules/.vite/deps/vue-i18n.js?v=6b4ba82f:23
[   52246ms] [WARNING] [i18n] missing: general:There was a problem signing in @ http://localhost:7001/src/i18n/index.ts:63
[   52248ms] [WARNING] [i18n] missing: login:Back @ http://localhost:7001/src/i18n/index.ts:63
[   52248ms] [WARNING] [intlify] Fall back to translate 'login:Back' key with 'en' locale. @ http://localhost:7001/node_modules/.vite/deps/vue-i18n.js?v=6b4ba82f:23
[   52248ms] [WARNING] [i18n] missing: login:Back @ http://localhost:7001/src/i18n/index.ts:63
[   52249ms] [WARNING] [i18n] missing: login:Unknown application @ http://localhost:7001/src/i18n/index.ts:63
[   52249ms] [WARNING] [intlify] Fall back to translate 'login:Unknown application' key with 'en' locale. @ http://localhost:7001/node_modules/.vite/deps/vue-i18n.js?v=6b4ba82f:23
[   52249ms] [WARNING] [i18n] missing: login:Unknown application @ http://localhost:7001/src/i18n/index.ts:63
[   52249ms] [WARNING] [i18n] missing: application:Failed to sign in @ http://localhost:7001/src/i18n/index.ts:63
[   52249ms] [WARNING] [intlify] Fall back to translate 'application:Failed to sign in' key with 'en' locale. @ http://localhost:7001/node_modules/.vite/deps/vue-i18n.js?v=6b4ba82f:23
[   52249ms] [WARNING] [i18n] missing: application:Failed to sign in @ http://localhost:7001/src/i18n/index.ts:63
[   52249ms] [WARNING] [i18n] missing: login:Back @ http://localhost:7001/src/i18n/index.ts:63
[   52249ms] [WARNING] [intlify] Fall back to translate 'login:Back' key with 'en' locale. @ http://localhost:7001/node_modules/.vite/deps/vue-i18n.js?v=6b4ba82f:23
[   52249ms] [WARNING] [i18n] missing: login:Back @ http://localhost:7001/src/i18n/index.ts:63
[   65247ms] [WARNING] [i18n] missing: application:Failed to sign in @ http://localhost:7001/src/i18n/index.ts:63
[   65247ms] [WARNING] [intlify] Fall back to translate 'application:Failed to sign in' key with 'en' locale. @ http://localhost:7001/node_modules/.vite/deps/vue-i18n.js?v=6b4ba82f:23
[   65247ms] [WARNING] [i18n] missing: application:Failed to sign in @ http://localhost:7001/src/i18n/index.ts:63
[   65247ms] [WARNING] [i18n] missing: general:There was a problem signing in @ http://localhost:7001/src/i18n/index.ts:63
[   65247ms] [WARNING] [intlify] Fall back to translate 'general:There was a problem signing in' key with 'en' locale. @ http://localhost:7001/node_modules/.vite/deps/vue-i18n.js?v=6b4ba82f:23
[   65247ms] [WARNING] [i18n] missing: general:There was a problem signing in @ http://localhost:7001/src/i18n/index.ts:63
[   65250ms] [WARNING] [i18n] missing: login:Back @ http://localhost:7001/src/i18n/index.ts:63
[   65250ms] [WARNING] [intlify] Fall back to translate 'login:Back' key with 'en' locale. @ http://localhost:7001/node_modules/.vite/deps/vue-i18n.js?v=6b4ba82f:23
[   65250ms] [WARNING] [i18n] missing: login:Back @ http://localhost:7001/src/i18n/index.ts:63
[   65251ms] [WARNING] [i18n] missing: login:Unknown application @ http://localhost:7001/src/i18n/index.ts:63
[   65251ms] [WARNING] [intlify] Fall back to translate 'login:Unknown application' key with 'en' locale. @ http://localhost:7001/node_modules/.vite/deps/vue-i18n.js?v=6b4ba82f:23
[   65251ms] [WARNING] [i18n] missing: login:Unknown application @ http://localhost:7001/src/i18n/index.ts:63
[   65251ms] [WARNING] [i18n] missing: application:Failed to sign in @ http://localhost:7001/src/i18n/index.ts:63
[   65251ms] [WARNING] [intlify] Fall back to translate 'application:Failed to sign in' key with 'en' locale. @ http://localhost:7001/node_modules/.vite/deps/vue-i18n.js?v=6b4ba82f:23
[   65251ms] [WARNING] [i18n] missing: application:Failed to sign in @ http://localhost:7001/src/i18n/index.ts:63
[   65251ms] [WARNING] [i18n] missing: login:Back @ http://localhost:7001/src/i18n/index.ts:63
[   65251ms] [WARNING] [intlify] Fall back to translate 'login:Back' key with 'en' locale. @ http://localhost:7001/node_modules/.vite/deps/vue-i18n.js?v=6b4ba82f:23
[   65251ms] [WARNING] [i18n] missing: login:Back @ http://localhost:7001/src/i18n/index.ts:63
[   71747ms] [WARNING] [i18n] missing: application:Failed to sign in @ http://localhost:7001/src/i18n/index.ts:63
[   71747ms] [WARNING] [intlify] Fall back to translate 'application:Failed to sign in' key with 'en' locale. @ http://localhost:7001/node_modules/.vite/deps/vue-i18n.js?v=6b4ba82f:23
[   71747ms] [WARNING] [i18n] missing: application:Failed to sign in @ http://localhost:7001/src/i18n/index.ts:63
[   71747ms] [WARNING] [i18n] missing: general:There was a problem signing in @ http://localhost:7001/src/i18n/index.ts:63
[   71747ms] [WARNING] [intlify] Fall back to translate 'general:There was a problem signing in' key with 'en' locale. @ http://localhost:7001/node_modules/.vite/deps/vue-i18n.js?v=6b4ba82f:23
[   71747ms] [WARNING] [i18n] missing: general:There was a problem signing in @ http://localhost:7001/src/i18n/index.ts:63
[   71749ms] [WARNING] [i18n] missing: login:Back @ http://localhost:7001/src/i18n/index.ts:63
[   71749ms] [WARNING] [intlify] Fall back to translate 'login:Back' key with 'en' locale. @ http://localhost:7001/node_modules/.vite/deps/vue-i18n.js?v=6b4ba82f:23
[   71749ms] [WARNING] [i18n] missing: login:Back @ http://localhost:7001/src/i18n/index.ts:63
[   71750ms] [WARNING] [i18n] missing: login:Unknown application @ http://localhost:7001/src/i18n/index.ts:63
[   71750ms] [WARNING] [intlify] Fall back to translate 'login:Unknown application' key with 'en' locale. @ http://localhost:7001/node_modules/.vite/deps/vue-i18n.js?v=6b4ba82f:23
[   71750ms] [WARNING] [i18n] missing: login:Unknown application @ http://localhost:7001/src/i18n/index.ts:63
[   71750ms] [WARNING] [i18n] missing: application:Failed to sign in @ http://localhost:7001/src/i18n/index.ts:63
[   71750ms] [WARNING] [intlify] Fall back to translate 'application:Failed to sign in' key with 'en' locale. @ http://localhost:7001/node_modules/.vite/deps/vue-i18n.js?v=6b4ba82f:23
[   71750ms] [WARNING] [i18n] missing: application:Failed to sign in @ http://localhost:7001/src/i18n/index.ts:63
[   71750ms] [WARNING] [i18n] missing: login:Back @ http://localhost:7001/src/i18n/index.ts:63
[   71750ms] [WARNING] [intlify] Fall back to translate 'login:Back' key with 'en' locale. @ http://localhost:7001/node_modules/.vite/deps/vue-i18n.js?v=6b4ba82f:23
[   71750ms] [WARNING] [i18n] missing: login:Back @ http://localhost:7001/src/i18n/index.ts:63
[   79929ms] [WARNING] [i18n] missing: application:Failed to sign in @ http://localhost:7001/src/i18n/index.ts:63
[   79929ms] [WARNING] [intlify] Fall back to translate 'application:Failed to sign in' key with 'en' locale. @ http://localhost:7001/node_modules/.vite/deps/vue-i18n.js?v=6b4ba82f:23
[   79929ms] [WARNING] [i18n] missing: application:Failed to sign in @ http://localhost:7001/src/i18n/index.ts:63
[   79930ms] [WARNING] [i18n] missing: general:There was a problem signing in @ http://localhost:7001/src/i18n/index.ts:63
[   79930ms] [WARNING] [intlify] Fall back to translate 'general:There was a problem signing in' key with 'en' locale. @ http://localhost:7001/node_modules/.vite/deps/vue-i18n.js?v=6b4ba82f:23
[   79930ms] [WARNING] [i18n] missing: general:There was a problem signing in @ http://localhost:7001/src/i18n/index.ts:63
[   79931ms] [WARNING] [i18n] missing: login:Back @ http://localhost:7001/src/i18n/index.ts:63
[   79931ms] [WARNING] [intlify] Fall back to translate 'login:Back' key with 'en' locale. @ http://localhost:7001/node_modules/.vite/deps/vue-i18n.js?v=6b4ba82f:23
[   79931ms] [WARNING] [i18n] missing: login:Back @ http://localhost:7001/src/i18n/index.ts:63
[   79932ms] [WARNING] [i18n] missing: login:Unknown application @ http://localhost:7001/src/i18n/index.ts:63
[   79932ms] [WARNING] [intlify] Fall back to translate 'login:Unknown application' key with 'en' locale. @ http://localhost:7001/node_modules/.vite/deps/vue-i18n.js?v=6b4ba82f:23
[   79932ms] [WARNING] [i18n] missing: login:Unknown application @ http://localhost:7001/src/i18n/index.ts:63
[   79932ms] [WARNING] [i18n] missing: application:Failed to sign in @ http://localhost:7001/src/i18n/index.ts:63
[   79932ms] [WARNING] [intlify] Fall back to translate 'application:Failed to sign in' key with 'en' locale. @ http://localhost:7001/node_modules/.vite/deps/vue-i18n.js?v=6b4ba82f:23
[   79932ms] [WARNING] [i18n] missing: application:Failed to sign in @ http://localhost:7001/src/i18n/index.ts:63
[   79932ms] [WARNING] [i18n] missing: login:Back @ http://localhost:7001/src/i18n/index.ts:63
[   79932ms] [WARNING] [intlify] Fall back to translate 'login:Back' key with 'en' locale. @ http://localhost:7001/node_modules/.vite/deps/vue-i18n.js?v=6b4ba82f:23
[   79932ms] [WARNING] [i18n] missing: login:Back @ http://localhost:7001/src/i18n/index.ts:63
[  104375ms] [WARNING] [i18n] missing: application:Failed to sign in @ http://localhost:7001/src/i18n/index.ts:63
[  104375ms] [WARNING] [intlify] Fall back to translate 'application:Failed to sign in' key with 'en' locale. @ http://localhost:7001/node_modules/.vite/deps/vue-i18n.js?v=6b4ba82f:23
[  104375ms] [WARNING] [i18n] missing: application:Failed to sign in @ http://localhost:7001/src/i18n/index.ts:63
[  104375ms] [WARNING] [i18n] missing: general:There was a problem signing in @ http://localhost:7001/src/i18n/index.ts:63
[  104375ms] [WARNING] [intlify] Fall back to translate 'general:There was a problem signing in' key with 'en' locale. @ http://localhost:7001/node_modules/.vite/deps/vue-i18n.js?v=6b4ba82f:23
[  104375ms] [WARNING] [i18n] missing: general:There was a problem signing in @ http://localhost:7001/src/i18n/index.ts:63
[  104378ms] [WARNING] [i18n] missing: login:Back @ http://localhost:7001/src/i18n/index.ts:63
[  104378ms] [WARNING] [intlify] Fall back to translate 'login:Back' key with 'en' locale. @ http://localhost:7001/node_modules/.vite/deps/vue-i18n.js?v=6b4ba82f:23
[  104378ms] [WARNING] [i18n] missing: login:Back @ http://localhost:7001/src/i18n/index.ts:63
[  104379ms] [WARNING] [i18n] missing: login:Unknown application @ http://localhost:7001/src/i18n/index.ts:63
[  104379ms] [WARNING] [intlify] Fall back to translate 'login:Unknown application' key with 'en' locale. @ http://localhost:7001/node_modules/.vite/deps/vue-i18n.js?v=6b4ba82f:23
[  104379ms] [WARNING] [i18n] missing: login:Unknown application @ http://localhost:7001/src/i18n/index.ts:63
[  104379ms] [WARNING] [i18n] missing: application:Failed to sign in @ http://localhost:7001/src/i18n/index.ts:63
[  104379ms] [WARNING] [intlify] Fall back to translate 'application:Failed to sign in' key with 'en' locale. @ http://localhost:7001/node_modules/.vite/deps/vue-i18n.js?v=6b4ba82f:23
[  104379ms] [WARNING] [i18n] missing: application:Failed to sign in @ http://localhost:7001/src/i18n/index.ts:63
[  104379ms] [WARNING] [i18n] missing: login:Back @ http://localhost:7001/src/i18n/index.ts:63
[  104379ms] [WARNING] [intlify] Fall back to translate 'login:Back' key with 'en' locale. @ http://localhost:7001/node_modules/.vite/deps/vue-i18n.js?v=6b4ba82f:23
[  104379ms] [WARNING] [i18n] missing: login:Back @ http://localhost:7001/src/i18n/index.ts:63
