[     102ms] [WARNING] [i18n] missing: application:Failed to sign in @ http://localhost:7001/src/i18n/index.ts?t=1774856322218:63
[     102ms] [WARNING] [intlify] Fall back to translate 'application:Failed to sign in' key with 'en' locale. @ http://localhost:7001/node_modules/.vite/deps/vue-i18n.js?v=6b4ba82f:23
[     102ms] [WARNING] [i18n] missing: general:There was a problem signing in @ http://localhost:7001/src/i18n/index.ts?t=1774856322218:63
[     102ms] [WARNING] [intlify] Fall back to translate 'general:There was a problem signing in' key with 'en' locale. @ http://localhost:7001/node_modules/.vite/deps/vue-i18n.js?v=6b4ba82f:23
[     102ms] [WARNING] [i18n] missing: general:There was a problem signing in @ http://localhost:7001/src/i18n/index.ts?t=1774856322218:63
[     105ms] [WARNING] [i18n] missing: login:Back @ http://localhost:7001/src/i18n/index.ts?t=1774856322218:63
[     106ms] [WARNING] [intlify] Fall back to translate 'login:Back' key with 'en' locale. @ http://localhost:7001/node_modules/.vite/deps/vue-i18n.js?v=6b4ba82f:23
[     106ms] [WARNING] [i18n] missing: login:Back @ http://localhost:7001/src/i18n/index.ts?t=1774856322218:63
[     107ms] [WARNING] [i18n] missing: application:Failed to sign in @ http://localhost:7001/src/i18n/index.ts?t=1774856322218:63
[     107ms] [WARNING] [intlify] Fall back to translate 'application:Failed to sign in' key with 'en' locale. @ http://localhost:7001/node_modules/.vite/deps/vue-i18n.js?v=6b4ba82f:23
[     107ms] [WARNING] [i18n] missing: general:There was a problem signing in @ http://localhost:7001/src/i18n/index.ts?t=1774856322218:63
[     107ms] [WARNING] [intlify] Fall back to translate 'general:There was a problem signing in' key with 'en' locale. @ http://localhost:7001/node_modules/.vite/deps/vue-i18n.js?v=6b4ba82f:23
[     107ms] [WARNING] [i18n] missing: general:There was a problem signing in @ http://localhost:7001/src/i18n/index.ts?t=1774856322218:63
[     120ms] [WARNING] [i18n] missing: general:Password @ http://localhost:7001/src/i18n/index.ts?t=1774856322218:63
[     120ms] [WARNING] [intlify] Fall back to translate 'general:Password' key with 'en' locale. @ http://localhost:7001/node_modules/.vite/deps/vue-i18n.js?v=6b4ba82f:23
[     121ms] [WARNING] [i18n] missing: general:Password @ http://localhost:7001/src/i18n/index.ts?t=1774856322218:63
[     121ms] [WARNING] [intlify] Fall back to translate 'general:Password' key with 'en' locale. @ http://localhost:7001/node_modules/.vite/deps/vue-i18n.js?v=6b4ba82f:23
[     121ms] [WARNING] [i18n] missing: login:Verification code @ http://localhost:7001/src/i18n/index.ts?t=1774856322218:63
[     121ms] [WARNING] [intlify] Fall back to translate 'login:Verification code' key with 'en' locale. @ http://localhost:7001/node_modules/.vite/deps/vue-i18n.js?v=6b4ba82f:23
[     121ms] [WARNING] [i18n] missing: login:Verification code @ http://localhost:7001/src/i18n/index.ts?t=1774856322218:63
[     121ms] [WARNING] [intlify] Fall back to translate 'login:Verification code' key with 'en' locale. @ http://localhost:7001/node_modules/.vite/deps/vue-i18n.js?v=6b4ba82f:23
[     121ms] [WARNING] [i18n] missing: login:Verification code @ http://localhost:7001/src/i18n/index.ts?t=1774856322218:63
[     121ms] [WARNING] [intlify] Fall back to translate 'login:Verification code' key with 'en' locale. @ http://localhost:7001/node_modules/.vite/deps/vue-i18n.js?v=6b4ba82f:23
[     121ms] [WARNING] [i18n] missing: login:WebAuthn @ http://localhost:7001/src/i18n/index.ts?t=1774856322218:63
[     121ms] [WARNING] [intlify] Fall back to translate 'login:WebAuthn' key with 'en' locale. @ http://localhost:7001/node_modules/.vite/deps/vue-i18n.js?v=6b4ba82f:23
[     121ms] [WARNING] [i18n] missing: login:LDAP @ http://localhost:7001/src/i18n/index.ts?t=1774856322218:63
[     121ms] [WARNING] [intlify] Fall back to translate 'login:LDAP' key with 'en' locale. @ http://localhost:7001/node_modules/.vite/deps/vue-i18n.js?v=6b4ba82f:23
[     122ms] [WARNING] [i18n] missing: login:Face ID @ http://localhost:7001/src/i18n/index.ts?t=1774856322218:63
[     122ms] [WARNING] [intlify] Fall back to translate 'login:Face ID' key with 'en' locale. @ http://localhost:7001/node_modules/.vite/deps/vue-i18n.js?v=6b4ba82f:23
[     122ms] [WARNING] [i18n] missing: login:WeChat @ http://localhost:7001/src/i18n/index.ts?t=1774856322218:63
[     122ms] [WARNING] [intlify] Fall back to translate 'login:WeChat' key with 'en' locale. @ http://localhost:7001/node_modules/.vite/deps/vue-i18n.js?v=6b4ba82f:23
[     122ms] [WARNING] [i18n] missing: login:WeChat @ http://localhost:7001/src/i18n/index.ts?t=1774856322218:63
[     122ms] [WARNING] [intlify] Fall back to translate 'login:WeChat' key with 'en' locale. @ http://localhost:7001/node_modules/.vite/deps/vue-i18n.js?v=6b4ba82f:23
[     122ms] [WARNING] [i18n] missing: general:Username @ http://localhost:7001/src/i18n/index.ts?t=1774856322218:63
[     122ms] [WARNING] [intlify] Fall back to translate 'general:Username' key with 'en' locale. @ http://localhost:7001/node_modules/.vite/deps/vue-i18n.js?v=6b4ba82f:23
[     122ms] [WARNING] [i18n] missing: general:Username @ http://localhost:7001/src/i18n/index.ts?t=1774856322218:63
[     122ms] [WARNING] [i18n] missing: login:Please input your username @ http://localhost:7001/src/i18n/index.ts?t=1774856322218:63
[     122ms] [WARNING] [intlify] Fall back to translate 'login:Please input your username' key with 'en' locale. @ http://localhost:7001/node_modules/.vite/deps/vue-i18n.js?v=6b4ba82f:23
[     122ms] [WARNING] [i18n] missing: login:Please input your username @ http://localhost:7001/src/i18n/index.ts?t=1774856322218:63
[     122ms] [WARNING] [i18n] missing: general:Password @ http://localhost:7001/src/i18n/index.ts?t=1774856322218:63
[     123ms] [WARNING] [intlify] Fall back to translate 'general:Password' key with 'en' locale. @ http://localhost:7001/node_modules/.vite/deps/vue-i18n.js?v=6b4ba82f:23
[     123ms] [WARNING] [i18n] missing: login:Please input your password @ http://localhost:7001/src/i18n/index.ts?t=1774856322218:63
[     123ms] [WARNING] [intlify] Fall back to translate 'login:Please input your password' key with 'en' locale. @ http://localhost:7001/node_modules/.vite/deps/vue-i18n.js?v=6b4ba82f:23
[     123ms] [WARNING] [i18n] missing: login:Please input your password @ http://localhost:7001/src/i18n/index.ts?t=1774856322218:63
[     123ms] [WARNING] [i18n] missing: login:Verification code @ http://localhost:7001/src/i18n/index.ts?t=1774856322218:63
[     123ms] [WARNING] [intlify] Fall back to translate 'login:Verification code' key with 'en' locale. @ http://localhost:7001/node_modules/.vite/deps/vue-i18n.js?v=6b4ba82f:23
[     123ms] [WARNING] [i18n] missing: login:Please input your code @ http://localhost:7001/src/i18n/index.ts?t=1774856322218:63
[     123ms] [WARNING] [intlify] Fall back to translate 'login:Please input your code' key with 'en' locale. @ http://localhost:7001/node_modules/.vite/deps/vue-i18n.js?v=6b4ba82f:23
[     123ms] [WARNING] [i18n] missing: login:Please input your code @ http://localhost:7001/src/i18n/index.ts?t=1774856322218:63
[     123ms] [WARNING] [i18n] missing: login:No account? @ http://localhost:7001/src/i18n/index.ts?t=1774856322218:63
[     123ms] [WARNING] [intlify] Fall back to translate 'login:No account?' key with 'en' locale. @ http://localhost:7001/node_modules/.vite/deps/vue-i18n.js?v=6b4ba82f:23
[     124ms] [WARNING] [i18n] missing: login:Back @ http://localhost:7001/src/i18n/index.ts?t=1774856322218:63
[     124ms] [WARNING] [intlify] Fall back to translate 'login:Back' key with 'en' locale. @ http://localhost:7001/node_modules/.vite/deps/vue-i18n.js?v=6b4ba82f:23
[     125ms] [WARNING] [i18n] missing: login:Back @ http://localhost:7001/src/i18n/index.ts?t=1774856322218:63
[     125ms] [WARNING] [i18n] missing: general:Select a language @ http://localhost:7001/src/i18n/index.ts?t=1774856322218:63
[     125ms] [WARNING] [intlify] Fall back to translate 'general:Select a language' key with 'en' locale. @ http://localhost:7001/node_modules/.vite/deps/vue-i18n.js?v=6b4ba82f:23
[     125ms] [WARNING] [i18n] missing: general:Select a language @ http://localhost:7001/src/i18n/index.ts?t=1774856322218:63
[     138ms] [WARNING] [i18n] missing: login:username, email or phone @ http://localhost:7001/src/i18n/index.ts?t=1774856322218:63
[     138ms] [WARNING] [intlify] Fall back to translate 'login:username, email or phone' key with 'en' locale. @ http://localhost:7001/node_modules/.vite/deps/vue-i18n.js?v=6b4ba82f:23
[     138ms] [WARNING] [i18n] missing: login:username, email or phone @ http://localhost:7001/src/i18n/index.ts?t=1774856322218:63
[     141ms] [WARNING] [i18n] missing: login:Password @ http://localhost:7001/src/i18n/index.ts?t=1774856322218:63
[     142ms] [WARNING] [intlify] Fall back to translate 'login:Password' key with 'en' locale. @ http://localhost:7001/node_modules/.vite/deps/vue-i18n.js?v=6b4ba82f:23
[     142ms] [WARNING] [i18n] missing: login:Password @ http://localhost:7001/src/i18n/index.ts?t=1774856322218:63
[     143ms] [WARNING] [i18n] missing: code:Enter your code @ http://localhost:7001/src/i18n/index.ts?t=1774856322218:63
[     143ms] [WARNING] [intlify] Fall back to translate 'code:Enter your code' key with 'en' locale. @ http://localhost:7001/node_modules/.vite/deps/vue-i18n.js?v=6b4ba82f:23
[     145ms] [WARNING] [i18n] missing: code:Send Code @ http://localhost:7001/src/i18n/index.ts?t=1774856322218:63
[     145ms] [WARNING] [intlify] Fall back to translate 'code:Send Code' key with 'en' locale. @ http://localhost:7001/node_modules/.vite/deps/vue-i18n.js?v=6b4ba82f:23
[     145ms] [WARNING] [i18n] missing: general:Captcha @ http://localhost:7001/src/i18n/index.ts?t=1774856322218:63
[     146ms] [WARNING] [intlify] Fall back to translate 'general:Captcha' key with 'en' locale. @ http://localhost:7001/node_modules/.vite/deps/vue-i18n.js?v=6b4ba82f:23
[     146ms] [WARNING] [i18n] missing: general:OK @ http://localhost:7001/src/i18n/index.ts?t=1774856322218:63
[     146ms] [WARNING] [intlify] Fall back to translate 'general:OK' key with 'en' locale. @ http://localhost:7001/node_modules/.vite/deps/vue-i18n.js?v=6b4ba82f:23
[     146ms] [WARNING] [i18n] missing: general:Cancel @ http://localhost:7001/src/i18n/index.ts?t=1774856322218:63
[     146ms] [WARNING] [intlify] Fall back to translate 'general:Cancel' key with 'en' locale. @ http://localhost:7001/node_modules/.vite/deps/vue-i18n.js?v=6b4ba82f:23
[     149ms] [WARNING] [i18n] missing: login:I have read and agree to the @ http://localhost:7001/src/i18n/index.ts?t=1774856322218:63
[     149ms] [WARNING] [intlify] Fall back to translate 'login:I have read and agree to the' key with 'en' locale. @ http://localhost:7001/node_modules/.vite/deps/vue-i18n.js?v=6b4ba82f:23
[     149ms] [WARNING] [i18n] missing: login:I have read and agree to the @ http://localhost:7001/src/i18n/index.ts?t=1774856322218:63
[     149ms] [WARNING] [i18n] missing: login:Terms of Use @ http://localhost:7001/src/i18n/index.ts?t=1774856322218:63
[     149ms] [WARNING] [intlify] Fall back to translate 'login:Terms of Use' key with 'en' locale. @ http://localhost:7001/node_modules/.vite/deps/vue-i18n.js?v=6b4ba82f:23
[     149ms] [WARNING] [i18n] missing: login:Terms of Use @ http://localhost:7001/src/i18n/index.ts?t=1774856322218:63
[     149ms] [WARNING] [i18n] missing: login:Forgot password? @ http://localhost:7001/src/i18n/index.ts?t=1774856322218:63
[     149ms] [WARNING] [intlify] Fall back to translate 'login:Forgot password?' key with 'en' locale. @ http://localhost:7001/node_modules/.vite/deps/vue-i18n.js?v=6b4ba82f:23
[     150ms] [WARNING] [i18n] missing: login:Sign In @ http://localhost:7001/src/i18n/index.ts?t=1774856322218:63
[     150ms] [WARNING] [intlify] Fall back to translate 'login:Sign In' key with 'en' locale. @ http://localhost:7001/node_modules/.vite/deps/vue-i18n.js?v=6b4ba82f:23
[     151ms] [WARNING] [i18n] missing: login:sign up now @ http://localhost:7001/src/i18n/index.ts?t=1774856322218:63
[     151ms] [WARNING] [intlify] Fall back to translate 'login:sign up now' key with 'en' locale. @ http://localhost:7001/node_modules/.vite/deps/vue-i18n.js?v=6b4ba82f:23
[     151ms] [WARNING] [i18n] missing: general:Captcha @ http://localhost:7001/src/i18n/index.ts?t=1774856322218:63
[     151ms] [WARNING] [intlify] Fall back to translate 'general:Captcha' key with 'en' locale. @ http://localhost:7001/node_modules/.vite/deps/vue-i18n.js?v=6b4ba82f:23
[     151ms] [WARNING] [i18n] missing: general:OK @ http://localhost:7001/src/i18n/index.ts?t=1774856322218:63
[     151ms] [WARNING] [intlify] Fall back to translate 'general:OK' key with 'en' locale. @ http://localhost:7001/node_modules/.vite/deps/vue-i18n.js?v=6b4ba82f:23
[     151ms] [WARNING] [i18n] missing: general:Cancel @ http://localhost:7001/src/i18n/index.ts?t=1774856322218:63
[     151ms] [WARNING] [intlify] Fall back to translate 'general:Cancel' key with 'en' locale. @ http://localhost:7001/node_modules/.vite/deps/vue-i18n.js?v=6b4ba82f:23
[     152ms] [WARNING] [i18n] missing: login:Terms of Use @ http://localhost:7001/src/i18n/index.ts?t=1774856322218:63
[     152ms] [WARNING] [intlify] Fall back to translate 'login:Terms of Use' key with 'en' locale. @ http://localhost:7001/node_modules/.vite/deps/vue-i18n.js?v=6b4ba82f:23
[     152ms] [WARNING] [i18n] missing: login:Terms of Use @ http://localhost:7001/src/i18n/index.ts?t=1774856322218:63
[     153ms] [WARNING] [i18n] missing: code:Send Code @ http://localhost:7001/src/i18n/index.ts?t=1774856322218:63
[     153ms] [WARNING] [intlify] Fall back to translate 'code:Send Code' key with 'en' locale. @ http://localhost:7001/node_modules/.vite/deps/vue-i18n.js?v=6b4ba82f:23
[     156ms] [WARNING] [i18n] missing: login:username, email or phone @ http://localhost:7001/src/i18n/index.ts?t=1774856322218:63
[     156ms] [WARNING] [intlify] Fall back to translate 'login:username, email or phone' key with 'en' locale. @ http://localhost:7001/node_modules/.vite/deps/vue-i18n.js?v=6b4ba82f:23
[     156ms] [WARNING] [i18n] missing: login:username, email or phone @ http://localhost:7001/src/i18n/index.ts?t=1774856322218:63
[     157ms] [WARNING] [i18n] missing: login:Password @ http://localhost:7001/src/i18n/index.ts?t=1774856322218:63
[     157ms] [WARNING] [intlify] Fall back to translate 'login:Password' key with 'en' locale. @ http://localhost:7001/node_modules/.vite/deps/vue-i18n.js?v=6b4ba82f:23
[     157ms] [WARNING] [i18n] missing: login:Password @ http://localhost:7001/src/i18n/index.ts?t=1774856322218:63
[     157ms] [WARNING] [i18n] missing: code:Enter your code @ http://localhost:7001/src/i18n/index.ts?t=1774856322218:63
[     157ms] [WARNING] [intlify] Fall back to translate 'code:Enter your code' key with 'en' locale. @ http://localhost:7001/node_modules/.vite/deps/vue-i18n.js?v=6b4ba82f:23
[     158ms] [WARNING] [i18n] missing: login:Sign In @ http://localhost:7001/src/i18n/index.ts?t=1774856322218:63
[     158ms] [WARNING] [intlify] Fall back to translate 'login:Sign In' key with 'en' locale. @ http://localhost:7001/node_modules/.vite/deps/vue-i18n.js?v=6b4ba82f:23
[     160ms] [WARNING] [i18n] missing: login:username, email or phone @ http://localhost:7001/src/i18n/index.ts?t=1774856322218:63
[     160ms] [WARNING] [intlify] Fall back to translate 'login:username, email or phone' key with 'en' locale. @ http://localhost:7001/node_modules/.vite/deps/vue-i18n.js?v=6b4ba82f:23
[     160ms] [WARNING] [i18n] missing: login:username, email or phone @ http://localhost:7001/src/i18n/index.ts?t=1774856322218:63
[     160ms] [WARNING] [i18n] missing: login:Password @ http://localhost:7001/src/i18n/index.ts?t=1774856322218:63
[     161ms] [WARNING] [intlify] Fall back to translate 'login:Password' key with 'en' locale. @ http://localhost:7001/node_modules/.vite/deps/vue-i18n.js?v=6b4ba82f:23
[     161ms] [WARNING] [i18n] missing: login:Password @ http://localhost:7001/src/i18n/index.ts?t=1774856322218:63
[     161ms] [WARNING] [i18n] missing: code:Enter your code @ http://localhost:7001/src/i18n/index.ts?t=1774856322218:63
[     161ms] [WARNING] [intlify] Fall back to translate 'code:Enter your code' key with 'en' locale. @ http://localhost:7001/node_modules/.vite/deps/vue-i18n.js?v=6b4ba82f:23
[     162ms] [WARNING] [i18n] missing: login:Sign In @ http://localhost:7001/src/i18n/index.ts?t=1774856322218:63
[     162ms] [WARNING] [intlify] Fall back to translate 'login:Sign In' key with 'en' locale. @ http://localhost:7001/node_modules/.vite/deps/vue-i18n.js?v=6b4ba82f:23
