[     106ms] [WARNING] [i18n] missing: application:Failed to sign in @ http://localhost:7001/src/i18n/index.ts:63
[     106ms] [WARNING] [intlify] Fall back to translate 'application:Failed to sign in' key with 'en' locale. @ http://localhost:7001/node_modules/.vite/deps/vue-i18n.js?v=6b4ba82f:23
[     106ms] [WARNING] [i18n] missing: application:Failed to sign in @ http://localhost:7001/src/i18n/index.ts:63
[     106ms] [WARNING] [i18n] missing: general:There was a problem signing in @ http://localhost:7001/src/i18n/index.ts:63
[     106ms] [WARNING] [intlify] Fall back to translate 'general:There was a problem signing in' key with 'en' locale. @ http://localhost:7001/node_modules/.vite/deps/vue-i18n.js?v=6b4ba82f:23
[     106ms] [WARNING] [i18n] missing: general:There was a problem signing in @ http://localhost:7001/src/i18n/index.ts:63
[     109ms] [WARNING] [i18n] missing: login:Back @ http://localhost:7001/src/i18n/index.ts:63
[     109ms] [WARNING] [intlify] Fall back to translate 'login:Back' key with 'en' locale. @ http://localhost:7001/node_modules/.vite/deps/vue-i18n.js?v=6b4ba82f:23
[     109ms] [WARNING] [i18n] missing: login:Back @ http://localhost:7001/src/i18n/index.ts:63
[     110ms] [WARNING] [i18n] missing: application:Failed to sign in @ http://localhost:7001/src/i18n/index.ts:63
[     110ms] [WARNING] [intlify] Fall back to translate 'application:Failed to sign in' key with 'en' locale. @ http://localhost:7001/node_modules/.vite/deps/vue-i18n.js?v=6b4ba82f:23
[     110ms] [WARNING] [i18n] missing: application:Failed to sign in @ http://localhost:7001/src/i18n/index.ts:63
[     110ms] [WARNING] [i18n] missing: general:There was a problem signing in @ http://localhost:7001/src/i18n/index.ts:63
[     110ms] [WARNING] [intlify] Fall back to translate 'general:There was a problem signing in' key with 'en' locale. @ http://localhost:7001/node_modules/.vite/deps/vue-i18n.js?v=6b4ba82f:23
[     110ms] [WARNING] [i18n] missing: general:There was a problem signing in @ http://localhost:7001/src/i18n/index.ts:63
[     129ms] [WARNING] [i18n] missing: general:Password @ http://localhost:7001/src/i18n/index.ts:63
[     129ms] [WARNING] [intlify] Fall back to translate 'general:Password' key with 'en' locale. @ http://localhost:7001/node_modules/.vite/deps/vue-i18n.js?v=6b4ba82f:23
[     129ms] [WARNING] [i18n] missing: general:Password @ http://localhost:7001/src/i18n/index.ts:63
[     129ms] [WARNING] [i18n] missing: general:Password @ http://localhost:7001/src/i18n/index.ts:63
[     129ms] [WARNING] [intlify] Fall back to translate 'general:Password' key with 'en' locale. @ http://localhost:7001/node_modules/.vite/deps/vue-i18n.js?v=6b4ba82f:23
[     129ms] [WARNING] [i18n] missing: general:Password @ http://localhost:7001/src/i18n/index.ts:63
[     129ms] [WARNING] [i18n] missing: login:Verification code @ http://localhost:7001/src/i18n/index.ts:63
[     129ms] [WARNING] [intlify] Fall back to translate 'login:Verification code' key with 'en' locale. @ http://localhost:7001/node_modules/.vite/deps/vue-i18n.js?v=6b4ba82f:23
[     129ms] [WARNING] [i18n] missing: login:Verification code @ http://localhost:7001/src/i18n/index.ts:63
[     129ms] [WARNING] [i18n] missing: login:Verification code @ http://localhost:7001/src/i18n/index.ts:63
[     129ms] [WARNING] [intlify] Fall back to translate 'login:Verification code' key with 'en' locale. @ http://localhost:7001/node_modules/.vite/deps/vue-i18n.js?v=6b4ba82f:23
[     129ms] [WARNING] [i18n] missing: login:Verification code @ http://localhost:7001/src/i18n/index.ts:63
[     130ms] [WARNING] [i18n] missing: login:Verification code @ http://localhost:7001/src/i18n/index.ts:63
[     130ms] [WARNING] [intlify] Fall back to translate 'login:Verification code' key with 'en' locale. @ http://localhost:7001/node_modules/.vite/deps/vue-i18n.js?v=6b4ba82f:23
[     130ms] [WARNING] [i18n] missing: login:Verification code @ http://localhost:7001/src/i18n/index.ts:63
[     130ms] [WARNING] [i18n] missing: login:WebAuthn @ http://localhost:7001/src/i18n/index.ts:63
[     130ms] [WARNING] [intlify] Fall back to translate 'login:WebAuthn' key with 'en' locale. @ http://localhost:7001/node_modules/.vite/deps/vue-i18n.js?v=6b4ba82f:23
[     130ms] [WARNING] [i18n] missing: login:WebAuthn @ http://localhost:7001/src/i18n/index.ts:63
[     130ms] [WARNING] [i18n] missing: login:LDAP @ http://localhost:7001/src/i18n/index.ts:63
[     130ms] [WARNING] [intlify] Fall back to translate 'login:LDAP' key with 'en' locale. @ http://localhost:7001/node_modules/.vite/deps/vue-i18n.js?v=6b4ba82f:23
[     130ms] [WARNING] [i18n] missing: login:LDAP @ http://localhost:7001/src/i18n/index.ts:63
[     130ms] [WARNING] [i18n] missing: login:Face ID @ http://localhost:7001/src/i18n/index.ts:63
[     130ms] [WARNING] [intlify] Fall back to translate 'login:Face ID' key with 'en' locale. @ http://localhost:7001/node_modules/.vite/deps/vue-i18n.js?v=6b4ba82f:23
[     130ms] [WARNING] [i18n] missing: login:Face ID @ http://localhost:7001/src/i18n/index.ts:63
[     130ms] [WARNING] [i18n] missing: login:WeChat @ http://localhost:7001/src/i18n/index.ts:63
[     130ms] [WARNING] [intlify] Fall back to translate 'login:WeChat' key with 'en' locale. @ http://localhost:7001/node_modules/.vite/deps/vue-i18n.js?v=6b4ba82f:23
[     130ms] [WARNING] [i18n] missing: login:WeChat @ http://localhost:7001/src/i18n/index.ts:63
[     130ms] [WARNING] [i18n] missing: login:WeChat @ http://localhost:7001/src/i18n/index.ts:63
[     130ms] [WARNING] [intlify] Fall back to translate 'login:WeChat' key with 'en' locale. @ http://localhost:7001/node_modules/.vite/deps/vue-i18n.js?v=6b4ba82f:23
[     130ms] [WARNING] [i18n] missing: login:WeChat @ http://localhost:7001/src/i18n/index.ts:63
[     131ms] [WARNING] [i18n] missing: general:Username @ http://localhost:7001/src/i18n/index.ts:63
[     131ms] [WARNING] [intlify] Fall back to translate 'general:Username' key with 'en' locale. @ http://localhost:7001/node_modules/.vite/deps/vue-i18n.js?v=6b4ba82f:23
[     131ms] [WARNING] [i18n] missing: general:Username @ http://localhost:7001/src/i18n/index.ts:63
[     131ms] [WARNING] [i18n] missing: login:Please input your username @ http://localhost:7001/src/i18n/index.ts:63
[     131ms] [WARNING] [intlify] Fall back to translate 'login:Please input your username' key with 'en' locale. @ http://localhost:7001/node_modules/.vite/deps/vue-i18n.js?v=6b4ba82f:23
[     131ms] [WARNING] [i18n] missing: login:Please input your username @ http://localhost:7001/src/i18n/index.ts:63
[     131ms] [WARNING] [i18n] missing: general:Password @ http://localhost:7001/src/i18n/index.ts:63
[     131ms] [WARNING] [intlify] Fall back to translate 'general:Password' key with 'en' locale. @ http://localhost:7001/node_modules/.vite/deps/vue-i18n.js?v=6b4ba82f:23
[     131ms] [WARNING] [i18n] missing: general:Password @ http://localhost:7001/src/i18n/index.ts:63
[     131ms] [WARNING] [i18n] missing: login:Please input your password @ http://localhost:7001/src/i18n/index.ts:63
[     131ms] [WARNING] [intlify] Fall back to translate 'login:Please input your password' key with 'en' locale. @ http://localhost:7001/node_modules/.vite/deps/vue-i18n.js?v=6b4ba82f:23
[     131ms] [WARNING] [i18n] missing: login:Please input your password @ http://localhost:7001/src/i18n/index.ts:63
[     131ms] [WARNING] [i18n] missing: login:Verification code @ http://localhost:7001/src/i18n/index.ts:63
[     131ms] [WARNING] [intlify] Fall back to translate 'login:Verification code' key with 'en' locale. @ http://localhost:7001/node_modules/.vite/deps/vue-i18n.js?v=6b4ba82f:23
[     131ms] [WARNING] [i18n] missing: login:Verification code @ http://localhost:7001/src/i18n/index.ts:63
[     131ms] [WARNING] [i18n] missing: login:Please input your code @ http://localhost:7001/src/i18n/index.ts:63
[     131ms] [WARNING] [intlify] Fall back to translate 'login:Please input your code' key with 'en' locale. @ http://localhost:7001/node_modules/.vite/deps/vue-i18n.js?v=6b4ba82f:23
[     132ms] [WARNING] [i18n] missing: login:Please input your code @ http://localhost:7001/src/i18n/index.ts:63
[     132ms] [WARNING] [i18n] missing: login:No account? @ http://localhost:7001/src/i18n/index.ts:63
[     132ms] [WARNING] [intlify] Fall back to translate 'login:No account?' key with 'en' locale. @ http://localhost:7001/node_modules/.vite/deps/vue-i18n.js?v=6b4ba82f:23
[     132ms] [WARNING] [i18n] missing: login:No account? @ http://localhost:7001/src/i18n/index.ts:63
[     133ms] [WARNING] [i18n] missing: login:Back @ http://localhost:7001/src/i18n/index.ts:63
[     133ms] [WARNING] [intlify] Fall back to translate 'login:Back' key with 'en' locale. @ http://localhost:7001/node_modules/.vite/deps/vue-i18n.js?v=6b4ba82f:23
[     133ms] [WARNING] [i18n] missing: login:Back @ http://localhost:7001/src/i18n/index.ts:63
[     134ms] [WARNING] [i18n] missing: general:Select a language @ http://localhost:7001/src/i18n/index.ts:63
[     134ms] [WARNING] [intlify] Fall back to translate 'general:Select a language' key with 'en' locale. @ http://localhost:7001/node_modules/.vite/deps/vue-i18n.js?v=6b4ba82f:23
[     134ms] [WARNING] [i18n] missing: general:Select a language @ http://localhost:7001/src/i18n/index.ts:63
[     153ms] [WARNING] [i18n] missing: login:username, email or phone @ http://localhost:7001/src/i18n/index.ts:63
[     153ms] [WARNING] [intlify] Fall back to translate 'login:username, email or phone' key with 'en' locale. @ http://localhost:7001/node_modules/.vite/deps/vue-i18n.js?v=6b4ba82f:23
[     153ms] [WARNING] [i18n] missing: login:username, email or phone @ http://localhost:7001/src/i18n/index.ts:63
[     158ms] [WARNING] [i18n] missing: login:Password @ http://localhost:7001/src/i18n/index.ts:63
[     158ms] [WARNING] [intlify] Fall back to translate 'login:Password' key with 'en' locale. @ http://localhost:7001/node_modules/.vite/deps/vue-i18n.js?v=6b4ba82f:23
[     158ms] [WARNING] [i18n] missing: login:Password @ http://localhost:7001/src/i18n/index.ts:63
[     160ms] [WARNING] [i18n] missing: code:Enter your code @ http://localhost:7001/src/i18n/index.ts:63
[     160ms] [WARNING] [intlify] Fall back to translate 'code:Enter your code' key with 'en' locale. @ http://localhost:7001/node_modules/.vite/deps/vue-i18n.js?v=6b4ba82f:23
[     160ms] [WARNING] [i18n] missing: code:Enter your code @ http://localhost:7001/src/i18n/index.ts:63
[     162ms] [WARNING] [i18n] missing: code:Send Code @ http://localhost:7001/src/i18n/index.ts:63
[     162ms] [WARNING] [intlify] Fall back to translate 'code:Send Code' key with 'en' locale. @ http://localhost:7001/node_modules/.vite/deps/vue-i18n.js?v=6b4ba82f:23
[     162ms] [WARNING] [i18n] missing: code:Send Code @ http://localhost:7001/src/i18n/index.ts:63
[     163ms] [WARNING] [i18n] missing: general:Captcha @ http://localhost:7001/src/i18n/index.ts:63
[     163ms] [WARNING] [intlify] Fall back to translate 'general:Captcha' key with 'en' locale. @ http://localhost:7001/node_modules/.vite/deps/vue-i18n.js?v=6b4ba82f:23
[     163ms] [WARNING] [i18n] missing: general:Captcha @ http://localhost:7001/src/i18n/index.ts:63
[     163ms] [WARNING] [i18n] missing: general:OK @ http://localhost:7001/src/i18n/index.ts:63
[     163ms] [WARNING] [intlify] Fall back to translate 'general:OK' key with 'en' locale. @ http://localhost:7001/node_modules/.vite/deps/vue-i18n.js?v=6b4ba82f:23
[     163ms] [WARNING] [i18n] missing: general:OK @ http://localhost:7001/src/i18n/index.ts:63
[     164ms] [WARNING] [i18n] missing: general:Cancel @ http://localhost:7001/src/i18n/index.ts:63
[     164ms] [WARNING] [intlify] Fall back to translate 'general:Cancel' key with 'en' locale. @ http://localhost:7001/node_modules/.vite/deps/vue-i18n.js?v=6b4ba82f:23
[     164ms] [WARNING] [i18n] missing: general:Cancel @ http://localhost:7001/src/i18n/index.ts:63
[     166ms] [WARNING] [i18n] missing: login:I have read and agree to the @ http://localhost:7001/src/i18n/index.ts:63
[     166ms] [WARNING] [intlify] Fall back to translate 'login:I have read and agree to the' key with 'en' locale. @ http://localhost:7001/node_modules/.vite/deps/vue-i18n.js?v=6b4ba82f:23
[     166ms] [WARNING] [i18n] missing: login:I have read and agree to the @ http://localhost:7001/src/i18n/index.ts:63
[     167ms] [WARNING] [i18n] missing: login:Terms of Use @ http://localhost:7001/src/i18n/index.ts:63
[     167ms] [WARNING] [intlify] Fall back to translate 'login:Terms of Use' key with 'en' locale. @ http://localhost:7001/node_modules/.vite/deps/vue-i18n.js?v=6b4ba82f:23
[     167ms] [WARNING] [i18n] missing: login:Terms of Use @ http://localhost:7001/src/i18n/index.ts:63
[     167ms] [WARNING] [i18n] missing: login:Forgot password? @ http://localhost:7001/src/i18n/index.ts:63
[     167ms] [WARNING] [intlify] Fall back to translate 'login:Forgot password?' key with 'en' locale. @ http://localhost:7001/node_modules/.vite/deps/vue-i18n.js?v=6b4ba82f:23
[     167ms] [WARNING] [i18n] missing: login:Forgot password? @ http://localhost:7001/src/i18n/index.ts:63
[     168ms] [WARNING] [i18n] missing: login:Sign In @ http://localhost:7001/src/i18n/index.ts:63
[     168ms] [WARNING] [intlify] Fall back to translate 'login:Sign In' key with 'en' locale. @ http://localhost:7001/node_modules/.vite/deps/vue-i18n.js?v=6b4ba82f:23
[     168ms] [WARNING] [i18n] missing: login:Sign In @ http://localhost:7001/src/i18n/index.ts:63
[     169ms] [WARNING] [i18n] missing: login:sign up now @ http://localhost:7001/src/i18n/index.ts:63
[     169ms] [WARNING] [intlify] Fall back to translate 'login:sign up now' key with 'en' locale. @ http://localhost:7001/node_modules/.vite/deps/vue-i18n.js?v=6b4ba82f:23
[     169ms] [WARNING] [i18n] missing: login:sign up now @ http://localhost:7001/src/i18n/index.ts:63
[     169ms] [WARNING] [i18n] missing: general:Captcha @ http://localhost:7001/src/i18n/index.ts:63
[     169ms] [WARNING] [intlify] Fall back to translate 'general:Captcha' key with 'en' locale. @ http://localhost:7001/node_modules/.vite/deps/vue-i18n.js?v=6b4ba82f:23
[     169ms] [WARNING] [i18n] missing: general:Captcha @ http://localhost:7001/src/i18n/index.ts:63
[     169ms] [WARNING] [i18n] missing: general:OK @ http://localhost:7001/src/i18n/index.ts:63
[     169ms] [WARNING] [intlify] Fall back to translate 'general:OK' key with 'en' locale. @ http://localhost:7001/node_modules/.vite/deps/vue-i18n.js?v=6b4ba82f:23
[     169ms] [WARNING] [i18n] missing: general:OK @ http://localhost:7001/src/i18n/index.ts:63
[     169ms] [WARNING] [i18n] missing: general:Cancel @ http://localhost:7001/src/i18n/index.ts:63
[     169ms] [WARNING] [intlify] Fall back to translate 'general:Cancel' key with 'en' locale. @ http://localhost:7001/node_modules/.vite/deps/vue-i18n.js?v=6b4ba82f:23
[     169ms] [WARNING] [i18n] missing: general:Cancel @ http://localhost:7001/src/i18n/index.ts:63
[     170ms] [WARNING] [i18n] missing: login:Terms of Use @ http://localhost:7001/src/i18n/index.ts:63
[     170ms] [WARNING] [intlify] Fall back to translate 'login:Terms of Use' key with 'en' locale. @ http://localhost:7001/node_modules/.vite/deps/vue-i18n.js?v=6b4ba82f:23
[     170ms] [WARNING] [i18n] missing: login:Terms of Use @ http://localhost:7001/src/i18n/index.ts:63
[     171ms] [WARNING] [i18n] missing: code:Send Code @ http://localhost:7001/src/i18n/index.ts:63
[     171ms] [WARNING] [intlify] Fall back to translate 'code:Send Code' key with 'en' locale. @ http://localhost:7001/node_modules/.vite/deps/vue-i18n.js?v=6b4ba82f:23
[     171ms] [WARNING] [i18n] missing: code:Send Code @ http://localhost:7001/src/i18n/index.ts:63
[     177ms] [WARNING] [i18n] missing: login:username, email or phone @ http://localhost:7001/src/i18n/index.ts:63
[     177ms] [WARNING] [intlify] Fall back to translate 'login:username, email or phone' key with 'en' locale. @ http://localhost:7001/node_modules/.vite/deps/vue-i18n.js?v=6b4ba82f:23
[     177ms] [WARNING] [i18n] missing: login:username, email or phone @ http://localhost:7001/src/i18n/index.ts:63
[     178ms] [WARNING] [i18n] missing: login:Password @ http://localhost:7001/src/i18n/index.ts:63
[     178ms] [WARNING] [intlify] Fall back to translate 'login:Password' key with 'en' locale. @ http://localhost:7001/node_modules/.vite/deps/vue-i18n.js?v=6b4ba82f:23
[     178ms] [WARNING] [i18n] missing: login:Password @ http://localhost:7001/src/i18n/index.ts:63
[     178ms] [WARNING] [i18n] missing: code:Enter your code @ http://localhost:7001/src/i18n/index.ts:63
[     178ms] [WARNING] [intlify] Fall back to translate 'code:Enter your code' key with 'en' locale. @ http://localhost:7001/node_modules/.vite/deps/vue-i18n.js?v=6b4ba82f:23
[     178ms] [WARNING] [i18n] missing: code:Enter your code @ http://localhost:7001/src/i18n/index.ts:63
[     179ms] [WARNING] [i18n] missing: login:Sign In @ http://localhost:7001/src/i18n/index.ts:63
[     179ms] [WARNING] [intlify] Fall back to translate 'login:Sign In' key with 'en' locale. @ http://localhost:7001/node_modules/.vite/deps/vue-i18n.js?v=6b4ba82f:23
[     179ms] [WARNING] [i18n] missing: login:Sign In @ http://localhost:7001/src/i18n/index.ts:63
[     182ms] [WARNING] [i18n] missing: login:username, email or phone @ http://localhost:7001/src/i18n/index.ts:63
[     182ms] [WARNING] [intlify] Fall back to translate 'login:username, email or phone' key with 'en' locale. @ http://localhost:7001/node_modules/.vite/deps/vue-i18n.js?v=6b4ba82f:23
[     182ms] [WARNING] [i18n] missing: login:username, email or phone @ http://localhost:7001/src/i18n/index.ts:63
[     183ms] [WARNING] [i18n] missing: login:Password @ http://localhost:7001/src/i18n/index.ts:63
[     183ms] [WARNING] [intlify] Fall back to translate 'login:Password' key with 'en' locale. @ http://localhost:7001/node_modules/.vite/deps/vue-i18n.js?v=6b4ba82f:23
[     183ms] [WARNING] [i18n] missing: login:Password @ http://localhost:7001/src/i18n/index.ts:63
[     183ms] [WARNING] [i18n] missing: code:Enter your code @ http://localhost:7001/src/i18n/index.ts:63
[     183ms] [WARNING] [intlify] Fall back to translate 'code:Enter your code' key with 'en' locale. @ http://localhost:7001/node_modules/.vite/deps/vue-i18n.js?v=6b4ba82f:23
[     183ms] [WARNING] [i18n] missing: code:Enter your code @ http://localhost:7001/src/i18n/index.ts:63
[     187ms] [WARNING] [i18n] missing: login:Sign In @ http://localhost:7001/src/i18n/index.ts:63
[     187ms] [WARNING] [intlify] Fall back to translate 'login:Sign In' key with 'en' locale. @ http://localhost:7001/node_modules/.vite/deps/vue-i18n.js?v=6b4ba82f:23
[     187ms] [WARNING] [i18n] missing: login:Sign In @ http://localhost:7001/src/i18n/index.ts:63
[    2793ms] [WARNING] [i18n] missing: application:Failed to sign in @ http://localhost:7001/src/i18n/index.ts:63
[    2793ms] [WARNING] [intlify] Fall back to translate 'application:Failed to sign in' key with 'en' locale. @ http://localhost:7001/node_modules/.vite/deps/vue-i18n.js?v=6b4ba82f:23
[    2793ms] [WARNING] [i18n] missing: application:Failed to sign in @ http://localhost:7001/src/i18n/index.ts:63
[    2793ms] [WARNING] [i18n] missing: general:There was a problem signing in @ http://localhost:7001/src/i18n/index.ts:63
[    2793ms] [WARNING] [intlify] Fall back to translate 'general:There was a problem signing in' key with 'en' locale. @ http://localhost:7001/node_modules/.vite/deps/vue-i18n.js?v=6b4ba82f:23
[    2793ms] [WARNING] [i18n] missing: general:There was a problem signing in @ http://localhost:7001/src/i18n/index.ts:63
[    2795ms] [WARNING] [i18n] missing: login:Back @ http://localhost:7001/src/i18n/index.ts:63
[    2795ms] [WARNING] [intlify] Fall back to translate 'login:Back' key with 'en' locale. @ http://localhost:7001/node_modules/.vite/deps/vue-i18n.js?v=6b4ba82f:23
[    2795ms] [WARNING] [i18n] missing: login:Back @ http://localhost:7001/src/i18n/index.ts:63
[    2796ms] [WARNING] [i18n] missing: application:Failed to sign in @ http://localhost:7001/src/i18n/index.ts:63
[    2796ms] [WARNING] [intlify] Fall back to translate 'application:Failed to sign in' key with 'en' locale. @ http://localhost:7001/node_modules/.vite/deps/vue-i18n.js?v=6b4ba82f:23
[    2796ms] [WARNING] [i18n] missing: application:Failed to sign in @ http://localhost:7001/src/i18n/index.ts:63
[    2796ms] [WARNING] [i18n] missing: general:There was a problem signing in @ http://localhost:7001/src/i18n/index.ts:63
[    2796ms] [WARNING] [intlify] Fall back to translate 'general:There was a problem signing in' key with 'en' locale. @ http://localhost:7001/node_modules/.vite/deps/vue-i18n.js?v=6b4ba82f:23
[    2796ms] [WARNING] [i18n] missing: general:There was a problem signing in @ http://localhost:7001/src/i18n/index.ts:63
[    2806ms] [WARNING] [i18n] missing: general:Password @ http://localhost:7001/src/i18n/index.ts:63
[    2806ms] [WARNING] [intlify] Fall back to translate 'general:Password' key with 'en' locale. @ http://localhost:7001/node_modules/.vite/deps/vue-i18n.js?v=6b4ba82f:23
[    2806ms] [WARNING] [i18n] missing: general:Password @ http://localhost:7001/src/i18n/index.ts:63
[    2807ms] [WARNING] [i18n] missing: general:Password @ http://localhost:7001/src/i18n/index.ts:63
[    2807ms] [WARNING] [intlify] Fall back to translate 'general:Password' key with 'en' locale. @ http://localhost:7001/node_modules/.vite/deps/vue-i18n.js?v=6b4ba82f:23
[    2807ms] [WARNING] [i18n] missing: general:Password @ http://localhost:7001/src/i18n/index.ts:63
[    2807ms] [WARNING] [i18n] missing: login:Verification code @ http://localhost:7001/src/i18n/index.ts:63
[    2807ms] [WARNING] [intlify] Fall back to translate 'login:Verification code' key with 'en' locale. @ http://localhost:7001/node_modules/.vite/deps/vue-i18n.js?v=6b4ba82f:23
[    2807ms] [WARNING] [i18n] missing: login:Verification code @ http://localhost:7001/src/i18n/index.ts:63
[    2807ms] [WARNING] [i18n] missing: login:Verification code @ http://localhost:7001/src/i18n/index.ts:63
[    2807ms] [WARNING] [intlify] Fall back to translate 'login:Verification code' key with 'en' locale. @ http://localhost:7001/node_modules/.vite/deps/vue-i18n.js?v=6b4ba82f:23
[    2807ms] [WARNING] [i18n] missing: login:Verification code @ http://localhost:7001/src/i18n/index.ts:63
[    2807ms] [WARNING] [i18n] missing: login:Verification code @ http://localhost:7001/src/i18n/index.ts:63
[    2807ms] [WARNING] [intlify] Fall back to translate 'login:Verification code' key with 'en' locale. @ http://localhost:7001/node_modules/.vite/deps/vue-i18n.js?v=6b4ba82f:23
[    2807ms] [WARNING] [i18n] missing: login:Verification code @ http://localhost:7001/src/i18n/index.ts:63
[    2807ms] [WARNING] [i18n] missing: login:WebAuthn @ http://localhost:7001/src/i18n/index.ts:63
[    2807ms] [WARNING] [intlify] Fall back to translate 'login:WebAuthn' key with 'en' locale. @ http://localhost:7001/node_modules/.vite/deps/vue-i18n.js?v=6b4ba82f:23
[    2807ms] [WARNING] [i18n] missing: login:WebAuthn @ http://localhost:7001/src/i18n/index.ts:63
[    2807ms] [WARNING] [i18n] missing: login:LDAP @ http://localhost:7001/src/i18n/index.ts:63
[    2807ms] [WARNING] [intlify] Fall back to translate 'login:LDAP' key with 'en' locale. @ http://localhost:7001/node_modules/.vite/deps/vue-i18n.js?v=6b4ba82f:23
[    2808ms] [WARNING] [i18n] missing: login:LDAP @ http://localhost:7001/src/i18n/index.ts:63
[    2808ms] [WARNING] [i18n] missing: login:Face ID @ http://localhost:7001/src/i18n/index.ts:63
[    2808ms] [WARNING] [intlify] Fall back to translate 'login:Face ID' key with 'en' locale. @ http://localhost:7001/node_modules/.vite/deps/vue-i18n.js?v=6b4ba82f:23
[    2808ms] [WARNING] [i18n] missing: login:Face ID @ http://localhost:7001/src/i18n/index.ts:63
[    2808ms] [WARNING] [i18n] missing: login:WeChat @ http://localhost:7001/src/i18n/index.ts:63
[    2808ms] [WARNING] [intlify] Fall back to translate 'login:WeChat' key with 'en' locale. @ http://localhost:7001/node_modules/.vite/deps/vue-i18n.js?v=6b4ba82f:23
[    2808ms] [WARNING] [i18n] missing: login:WeChat @ http://localhost:7001/src/i18n/index.ts:63
[    2808ms] [WARNING] [i18n] missing: login:WeChat @ http://localhost:7001/src/i18n/index.ts:63
[    2808ms] [WARNING] [intlify] Fall back to translate 'login:WeChat' key with 'en' locale. @ http://localhost:7001/node_modules/.vite/deps/vue-i18n.js?v=6b4ba82f:23
[    2808ms] [WARNING] [i18n] missing: login:WeChat @ http://localhost:7001/src/i18n/index.ts:63
[    2808ms] [WARNING] [i18n] missing: general:Username @ http://localhost:7001/src/i18n/index.ts:63
[    2808ms] [WARNING] [intlify] Fall back to translate 'general:Username' key with 'en' locale. @ http://localhost:7001/node_modules/.vite/deps/vue-i18n.js?v=6b4ba82f:23
[    2808ms] [WARNING] [i18n] missing: general:Username @ http://localhost:7001/src/i18n/index.ts:63
[    2808ms] [WARNING] [i18n] missing: login:Please input your username @ http://localhost:7001/src/i18n/index.ts:63
[    2808ms] [WARNING] [intlify] Fall back to translate 'login:Please input your username' key with 'en' locale. @ http://localhost:7001/node_modules/.vite/deps/vue-i18n.js?v=6b4ba82f:23
[    2808ms] [WARNING] [i18n] missing: login:Please input your username @ http://localhost:7001/src/i18n/index.ts:63
[    2808ms] [WARNING] [i18n] missing: general:Password @ http://localhost:7001/src/i18n/index.ts:63
[    2809ms] [WARNING] [intlify] Fall back to translate 'general:Password' key with 'en' locale. @ http://localhost:7001/node_modules/.vite/deps/vue-i18n.js?v=6b4ba82f:23
[    2809ms] [WARNING] [i18n] missing: general:Password @ http://localhost:7001/src/i18n/index.ts:63
[    2809ms] [WARNING] [i18n] missing: login:Please input your password @ http://localhost:7001/src/i18n/index.ts:63
[    2809ms] [WARNING] [intlify] Fall back to translate 'login:Please input your password' key with 'en' locale. @ http://localhost:7001/node_modules/.vite/deps/vue-i18n.js?v=6b4ba82f:23
[    2809ms] [WARNING] [i18n] missing: login:Please input your password @ http://localhost:7001/src/i18n/index.ts:63
[    2809ms] [WARNING] [i18n] missing: login:Verification code @ http://localhost:7001/src/i18n/index.ts:63
[    2809ms] [WARNING] [intlify] Fall back to translate 'login:Verification code' key with 'en' locale. @ http://localhost:7001/node_modules/.vite/deps/vue-i18n.js?v=6b4ba82f:23
[    2809ms] [WARNING] [i18n] missing: login:Verification code @ http://localhost:7001/src/i18n/index.ts:63
[    2809ms] [WARNING] [i18n] missing: login:Please input your code @ http://localhost:7001/src/i18n/index.ts:63
[    2809ms] [WARNING] [intlify] Fall back to translate 'login:Please input your code' key with 'en' locale. @ http://localhost:7001/node_modules/.vite/deps/vue-i18n.js?v=6b4ba82f:23
[    2809ms] [WARNING] [i18n] missing: login:Please input your code @ http://localhost:7001/src/i18n/index.ts:63
[    2809ms] [WARNING] [i18n] missing: login:No account? @ http://localhost:7001/src/i18n/index.ts:63
[    2809ms] [WARNING] [intlify] Fall back to translate 'login:No account?' key with 'en' locale. @ http://localhost:7001/node_modules/.vite/deps/vue-i18n.js?v=6b4ba82f:23
[    2809ms] [WARNING] [i18n] missing: login:No account? @ http://localhost:7001/src/i18n/index.ts:63
[    2810ms] [WARNING] [i18n] missing: login:Back @ http://localhost:7001/src/i18n/index.ts:63
[    2810ms] [WARNING] [intlify] Fall back to translate 'login:Back' key with 'en' locale. @ http://localhost:7001/node_modules/.vite/deps/vue-i18n.js?v=6b4ba82f:23
[    2811ms] [WARNING] [i18n] missing: login:Back @ http://localhost:7001/src/i18n/index.ts:63
[    2811ms] [WARNING] [i18n] missing: general:Select a language @ http://localhost:7001/src/i18n/index.ts:63
[    2811ms] [WARNING] [intlify] Fall back to translate 'general:Select a language' key with 'en' locale. @ http://localhost:7001/node_modules/.vite/deps/vue-i18n.js?v=6b4ba82f:23
[    2811ms] [WARNING] [i18n] missing: general:Select a language @ http://localhost:7001/src/i18n/index.ts:63
[    2820ms] [WARNING] [i18n] missing: login:username, email or phone @ http://localhost:7001/src/i18n/index.ts:63
[    2820ms] [WARNING] [intlify] Fall back to translate 'login:username, email or phone' key with 'en' locale. @ http://localhost:7001/node_modules/.vite/deps/vue-i18n.js?v=6b4ba82f:23
[    2820ms] [WARNING] [i18n] missing: login:username, email or phone @ http://localhost:7001/src/i18n/index.ts:63
[    2823ms] [WARNING] [i18n] missing: login:Password @ http://localhost:7001/src/i18n/index.ts:63
[    2823ms] [WARNING] [intlify] Fall back to translate 'login:Password' key with 'en' locale. @ http://localhost:7001/node_modules/.vite/deps/vue-i18n.js?v=6b4ba82f:23
[    2823ms] [WARNING] [i18n] missing: login:Password @ http://localhost:7001/src/i18n/index.ts:63
[    2825ms] [WARNING] [i18n] missing: code:Enter your code @ http://localhost:7001/src/i18n/index.ts:63
[    2825ms] [WARNING] [intlify] Fall back to translate 'code:Enter your code' key with 'en' locale. @ http://localhost:7001/node_modules/.vite/deps/vue-i18n.js?v=6b4ba82f:23
[    2825ms] [WARNING] [i18n] missing: code:Enter your code @ http://localhost:7001/src/i18n/index.ts:63
[    2827ms] [WARNING] [i18n] missing: code:Send Code @ http://localhost:7001/src/i18n/index.ts:63
[    2827ms] [WARNING] [intlify] Fall back to translate 'code:Send Code' key with 'en' locale. @ http://localhost:7001/node_modules/.vite/deps/vue-i18n.js?v=6b4ba82f:23
[    2827ms] [WARNING] [i18n] missing: code:Send Code @ http://localhost:7001/src/i18n/index.ts:63
[    2828ms] [WARNING] [i18n] missing: general:Captcha @ http://localhost:7001/src/i18n/index.ts:63
[    2828ms] [WARNING] [intlify] Fall back to translate 'general:Captcha' key with 'en' locale. @ http://localhost:7001/node_modules/.vite/deps/vue-i18n.js?v=6b4ba82f:23
[    2828ms] [WARNING] [i18n] missing: general:Captcha @ http://localhost:7001/src/i18n/index.ts:63
[    2828ms] [WARNING] [i18n] missing: general:OK @ http://localhost:7001/src/i18n/index.ts:63
[    2828ms] [WARNING] [intlify] Fall back to translate 'general:OK' key with 'en' locale. @ http://localhost:7001/node_modules/.vite/deps/vue-i18n.js?v=6b4ba82f:23
[    2828ms] [WARNING] [i18n] missing: general:OK @ http://localhost:7001/src/i18n/index.ts:63
[    2828ms] [WARNING] [i18n] missing: general:Cancel @ http://localhost:7001/src/i18n/index.ts:63
[    2828ms] [WARNING] [intlify] Fall back to translate 'general:Cancel' key with 'en' locale. @ http://localhost:7001/node_modules/.vite/deps/vue-i18n.js?v=6b4ba82f:23
[    2829ms] [WARNING] [i18n] missing: general:Cancel @ http://localhost:7001/src/i18n/index.ts:63
[    2830ms] [WARNING] [i18n] missing: login:I have read and agree to the @ http://localhost:7001/src/i18n/index.ts:63
[    2830ms] [WARNING] [intlify] Fall back to translate 'login:I have read and agree to the' key with 'en' locale. @ http://localhost:7001/node_modules/.vite/deps/vue-i18n.js?v=6b4ba82f:23
[    2830ms] [WARNING] [i18n] missing: login:I have read and agree to the @ http://localhost:7001/src/i18n/index.ts:63
[    2830ms] [WARNING] [i18n] missing: login:Terms of Use @ http://localhost:7001/src/i18n/index.ts:63
[    2830ms] [WARNING] [intlify] Fall back to translate 'login:Terms of Use' key with 'en' locale. @ http://localhost:7001/node_modules/.vite/deps/vue-i18n.js?v=6b4ba82f:23
[    2830ms] [WARNING] [i18n] missing: login:Terms of Use @ http://localhost:7001/src/i18n/index.ts:63
[    2831ms] [WARNING] [i18n] missing: login:Forgot password? @ http://localhost:7001/src/i18n/index.ts:63
[    2831ms] [WARNING] [intlify] Fall back to translate 'login:Forgot password?' key with 'en' locale. @ http://localhost:7001/node_modules/.vite/deps/vue-i18n.js?v=6b4ba82f:23
[    2831ms] [WARNING] [i18n] missing: login:Forgot password? @ http://localhost:7001/src/i18n/index.ts:63
[    2831ms] [WARNING] [i18n] missing: login:Sign In @ http://localhost:7001/src/i18n/index.ts:63
[    2832ms] [WARNING] [intlify] Fall back to translate 'login:Sign In' key with 'en' locale. @ http://localhost:7001/node_modules/.vite/deps/vue-i18n.js?v=6b4ba82f:23
[    2832ms] [WARNING] [i18n] missing: login:Sign In @ http://localhost:7001/src/i18n/index.ts:63
[    2832ms] [WARNING] [i18n] missing: login:sign up now @ http://localhost:7001/src/i18n/index.ts:63
[    2832ms] [WARNING] [intlify] Fall back to translate 'login:sign up now' key with 'en' locale. @ http://localhost:7001/node_modules/.vite/deps/vue-i18n.js?v=6b4ba82f:23
[    2832ms] [WARNING] [i18n] missing: login:sign up now @ http://localhost:7001/src/i18n/index.ts:63
[    2832ms] [WARNING] [i18n] missing: general:Captcha @ http://localhost:7001/src/i18n/index.ts:63
[    2832ms] [WARNING] [intlify] Fall back to translate 'general:Captcha' key with 'en' locale. @ http://localhost:7001/node_modules/.vite/deps/vue-i18n.js?v=6b4ba82f:23
[    2832ms] [WARNING] [i18n] missing: general:Captcha @ http://localhost:7001/src/i18n/index.ts:63
[    2833ms] [WARNING] [i18n] missing: general:OK @ http://localhost:7001/src/i18n/index.ts:63
[    2833ms] [WARNING] [intlify] Fall back to translate 'general:OK' key with 'en' locale. @ http://localhost:7001/node_modules/.vite/deps/vue-i18n.js?v=6b4ba82f:23
[    2833ms] [WARNING] [i18n] missing: general:OK @ http://localhost:7001/src/i18n/index.ts:63
[    2833ms] [WARNING] [i18n] missing: general:Cancel @ http://localhost:7001/src/i18n/index.ts:63
[    2833ms] [WARNING] [intlify] Fall back to translate 'general:Cancel' key with 'en' locale. @ http://localhost:7001/node_modules/.vite/deps/vue-i18n.js?v=6b4ba82f:23
[    2833ms] [WARNING] [i18n] missing: general:Cancel @ http://localhost:7001/src/i18n/index.ts:63
[    2833ms] [WARNING] [i18n] missing: login:Terms of Use @ http://localhost:7001/src/i18n/index.ts:63
[    2833ms] [WARNING] [intlify] Fall back to translate 'login:Terms of Use' key with 'en' locale. @ http://localhost:7001/node_modules/.vite/deps/vue-i18n.js?v=6b4ba82f:23
[    2833ms] [WARNING] [i18n] missing: login:Terms of Use @ http://localhost:7001/src/i18n/index.ts:63
[    2835ms] [WARNING] [i18n] missing: code:Send Code @ http://localhost:7001/src/i18n/index.ts:63
[    2835ms] [WARNING] [intlify] Fall back to translate 'code:Send Code' key with 'en' locale. @ http://localhost:7001/node_modules/.vite/deps/vue-i18n.js?v=6b4ba82f:23
[    2835ms] [WARNING] [i18n] missing: code:Send Code @ http://localhost:7001/src/i18n/index.ts:63
[    2836ms] [WARNING] [i18n] missing: login:username, email or phone @ http://localhost:7001/src/i18n/index.ts:63
[    2836ms] [WARNING] [intlify] Fall back to translate 'login:username, email or phone' key with 'en' locale. @ http://localhost:7001/node_modules/.vite/deps/vue-i18n.js?v=6b4ba82f:23
[    2836ms] [WARNING] [i18n] missing: login:username, email or phone @ http://localhost:7001/src/i18n/index.ts:63
[    2837ms] [WARNING] [i18n] missing: login:Password @ http://localhost:7001/src/i18n/index.ts:63
[    2837ms] [WARNING] [intlify] Fall back to translate 'login:Password' key with 'en' locale. @ http://localhost:7001/node_modules/.vite/deps/vue-i18n.js?v=6b4ba82f:23
[    2837ms] [WARNING] [i18n] missing: login:Password @ http://localhost:7001/src/i18n/index.ts:63
[    2837ms] [WARNING] [i18n] missing: code:Enter your code @ http://localhost:7001/src/i18n/index.ts:63
[    2837ms] [WARNING] [intlify] Fall back to translate 'code:Enter your code' key with 'en' locale. @ http://localhost:7001/node_modules/.vite/deps/vue-i18n.js?v=6b4ba82f:23
[    2837ms] [WARNING] [i18n] missing: code:Enter your code @ http://localhost:7001/src/i18n/index.ts:63
[    2837ms] [WARNING] [i18n] missing: login:Sign In @ http://localhost:7001/src/i18n/index.ts:63
[    2837ms] [WARNING] [intlify] Fall back to translate 'login:Sign In' key with 'en' locale. @ http://localhost:7001/node_modules/.vite/deps/vue-i18n.js?v=6b4ba82f:23
[    2837ms] [WARNING] [i18n] missing: login:Sign In @ http://localhost:7001/src/i18n/index.ts:63
[    2840ms] [WARNING] [i18n] missing: login:username, email or phone @ http://localhost:7001/src/i18n/index.ts:63
[    2840ms] [WARNING] [intlify] Fall back to translate 'login:username, email or phone' key with 'en' locale. @ http://localhost:7001/node_modules/.vite/deps/vue-i18n.js?v=6b4ba82f:23
[    2840ms] [WARNING] [i18n] missing: login:username, email or phone @ http://localhost:7001/src/i18n/index.ts:63
[    2841ms] [WARNING] [i18n] missing: login:Password @ http://localhost:7001/src/i18n/index.ts:63
[    2841ms] [WARNING] [intlify] Fall back to translate 'login:Password' key with 'en' locale. @ http://localhost:7001/node_modules/.vite/deps/vue-i18n.js?v=6b4ba82f:23
[    2841ms] [WARNING] [i18n] missing: login:Password @ http://localhost:7001/src/i18n/index.ts:63
[    2841ms] [WARNING] [i18n] missing: code:Enter your code @ http://localhost:7001/src/i18n/index.ts:63
[    2841ms] [WARNING] [intlify] Fall back to translate 'code:Enter your code' key with 'en' locale. @ http://localhost:7001/node_modules/.vite/deps/vue-i18n.js?v=6b4ba82f:23
[    2841ms] [WARNING] [i18n] missing: code:Enter your code @ http://localhost:7001/src/i18n/index.ts:63
[    2843ms] [WARNING] [i18n] missing: login:Sign In @ http://localhost:7001/src/i18n/index.ts:63
[    2843ms] [WARNING] [intlify] Fall back to translate 'login:Sign In' key with 'en' locale. @ http://localhost:7001/node_modules/.vite/deps/vue-i18n.js?v=6b4ba82f:23
[    2843ms] [WARNING] [i18n] missing: login:Sign In @ http://localhost:7001/src/i18n/index.ts:63
[   67478ms] [WARNING] [i18n] missing: application:Failed to sign in @ http://localhost:7001/src/i18n/index.ts?t=1774856322218:63
[   67479ms] [WARNING] [intlify] Fall back to translate 'application:Failed to sign in' key with 'en' locale. @ http://localhost:7001/node_modules/.vite/deps/vue-i18n.js?v=6b4ba82f:23
[   67479ms] [WARNING] [i18n] missing: general:There was a problem signing in @ http://localhost:7001/src/i18n/index.ts?t=1774856322218:63
[   67479ms] [WARNING] [intlify] Fall back to translate 'general:There was a problem signing in' key with 'en' locale. @ http://localhost:7001/node_modules/.vite/deps/vue-i18n.js?v=6b4ba82f:23
[   67480ms] [WARNING] [i18n] missing: general:There was a problem signing in @ http://localhost:7001/src/i18n/index.ts?t=1774856322218:63
[   67482ms] [WARNING] [i18n] missing: login:Back @ http://localhost:7001/src/i18n/index.ts?t=1774856322218:63
[   67482ms] [WARNING] [intlify] Fall back to translate 'login:Back' key with 'en' locale. @ http://localhost:7001/node_modules/.vite/deps/vue-i18n.js?v=6b4ba82f:23
[   67482ms] [WARNING] [i18n] missing: login:Back @ http://localhost:7001/src/i18n/index.ts?t=1774856322218:63
[   67483ms] [WARNING] [i18n] missing: application:Failed to sign in @ http://localhost:7001/src/i18n/index.ts?t=1774856322218:63
[   67483ms] [WARNING] [intlify] Fall back to translate 'application:Failed to sign in' key with 'en' locale. @ http://localhost:7001/node_modules/.vite/deps/vue-i18n.js?v=6b4ba82f:23
[   67483ms] [WARNING] [i18n] missing: general:There was a problem signing in @ http://localhost:7001/src/i18n/index.ts?t=1774856322218:63
[   67483ms] [WARNING] [intlify] Fall back to translate 'general:There was a problem signing in' key with 'en' locale. @ http://localhost:7001/node_modules/.vite/deps/vue-i18n.js?v=6b4ba82f:23
[   67483ms] [WARNING] [i18n] missing: general:There was a problem signing in @ http://localhost:7001/src/i18n/index.ts?t=1774856322218:63
[   67499ms] [WARNING] [i18n] missing: general:Password @ http://localhost:7001/src/i18n/index.ts?t=1774856322218:63
[   67499ms] [WARNING] [intlify] Fall back to translate 'general:Password' key with 'en' locale. @ http://localhost:7001/node_modules/.vite/deps/vue-i18n.js?v=6b4ba82f:23
[   67499ms] [WARNING] [i18n] missing: general:Password @ http://localhost:7001/src/i18n/index.ts?t=1774856322218:63
[   67500ms] [WARNING] [intlify] Fall back to translate 'general:Password' key with 'en' locale. @ http://localhost:7001/node_modules/.vite/deps/vue-i18n.js?v=6b4ba82f:23
[   67500ms] [WARNING] [i18n] missing: login:Verification code @ http://localhost:7001/src/i18n/index.ts?t=1774856322218:63
[   67500ms] [WARNING] [intlify] Fall back to translate 'login:Verification code' key with 'en' locale. @ http://localhost:7001/node_modules/.vite/deps/vue-i18n.js?v=6b4ba82f:23
[   67500ms] [WARNING] [i18n] missing: login:Verification code @ http://localhost:7001/src/i18n/index.ts?t=1774856322218:63
[   67500ms] [WARNING] [intlify] Fall back to translate 'login:Verification code' key with 'en' locale. @ http://localhost:7001/node_modules/.vite/deps/vue-i18n.js?v=6b4ba82f:23
[   67500ms] [WARNING] [i18n] missing: login:Verification code @ http://localhost:7001/src/i18n/index.ts?t=1774856322218:63
[   67500ms] [WARNING] [intlify] Fall back to translate 'login:Verification code' key with 'en' locale. @ http://localhost:7001/node_modules/.vite/deps/vue-i18n.js?v=6b4ba82f:23
[   67500ms] [WARNING] [i18n] missing: login:WebAuthn @ http://localhost:7001/src/i18n/index.ts?t=1774856322218:63
[   67500ms] [WARNING] [intlify] Fall back to translate 'login:WebAuthn' key with 'en' locale. @ http://localhost:7001/node_modules/.vite/deps/vue-i18n.js?v=6b4ba82f:23
[   67500ms] [WARNING] [i18n] missing: login:LDAP @ http://localhost:7001/src/i18n/index.ts?t=1774856322218:63
[   67500ms] [WARNING] [intlify] Fall back to translate 'login:LDAP' key with 'en' locale. @ http://localhost:7001/node_modules/.vite/deps/vue-i18n.js?v=6b4ba82f:23
[   67500ms] [WARNING] [i18n] missing: login:Face ID @ http://localhost:7001/src/i18n/index.ts?t=1774856322218:63
[   67501ms] [WARNING] [intlify] Fall back to translate 'login:Face ID' key with 'en' locale. @ http://localhost:7001/node_modules/.vite/deps/vue-i18n.js?v=6b4ba82f:23
[   67501ms] [WARNING] [i18n] missing: login:WeChat @ http://localhost:7001/src/i18n/index.ts?t=1774856322218:63
[   67501ms] [WARNING] [intlify] Fall back to translate 'login:WeChat' key with 'en' locale. @ http://localhost:7001/node_modules/.vite/deps/vue-i18n.js?v=6b4ba82f:23
[   67501ms] [WARNING] [i18n] missing: login:WeChat @ http://localhost:7001/src/i18n/index.ts?t=1774856322218:63
[   67501ms] [WARNING] [intlify] Fall back to translate 'login:WeChat' key with 'en' locale. @ http://localhost:7001/node_modules/.vite/deps/vue-i18n.js?v=6b4ba82f:23
[   67501ms] [WARNING] [i18n] missing: general:Username @ http://localhost:7001/src/i18n/index.ts?t=1774856322218:63
[   67501ms] [WARNING] [intlify] Fall back to translate 'general:Username' key with 'en' locale. @ http://localhost:7001/node_modules/.vite/deps/vue-i18n.js?v=6b4ba82f:23
[   67501ms] [WARNING] [i18n] missing: general:Username @ http://localhost:7001/src/i18n/index.ts?t=1774856322218:63
[   67501ms] [WARNING] [i18n] missing: login:Please input your username @ http://localhost:7001/src/i18n/index.ts?t=1774856322218:63
[   67502ms] [WARNING] [intlify] Fall back to translate 'login:Please input your username' key with 'en' locale. @ http://localhost:7001/node_modules/.vite/deps/vue-i18n.js?v=6b4ba82f:23
[   67502ms] [WARNING] [i18n] missing: login:Please input your username @ http://localhost:7001/src/i18n/index.ts?t=1774856322218:63
[   67502ms] [WARNING] [i18n] missing: general:Password @ http://localhost:7001/src/i18n/index.ts?t=1774856322218:63
[   67502ms] [WARNING] [intlify] Fall back to translate 'general:Password' key with 'en' locale. @ http://localhost:7001/node_modules/.vite/deps/vue-i18n.js?v=6b4ba82f:23
[   67502ms] [WARNING] [i18n] missing: login:Please input your password @ http://localhost:7001/src/i18n/index.ts?t=1774856322218:63
[   67502ms] [WARNING] [intlify] Fall back to translate 'login:Please input your password' key with 'en' locale. @ http://localhost:7001/node_modules/.vite/deps/vue-i18n.js?v=6b4ba82f:23
[   67502ms] [WARNING] [i18n] missing: login:Please input your password @ http://localhost:7001/src/i18n/index.ts?t=1774856322218:63
[   67502ms] [WARNING] [i18n] missing: login:Verification code @ http://localhost:7001/src/i18n/index.ts?t=1774856322218:63
[   67502ms] [WARNING] [intlify] Fall back to translate 'login:Verification code' key with 'en' locale. @ http://localhost:7001/node_modules/.vite/deps/vue-i18n.js?v=6b4ba82f:23
[   67502ms] [WARNING] [i18n] missing: login:Please input your code @ http://localhost:7001/src/i18n/index.ts?t=1774856322218:63
[   67502ms] [WARNING] [intlify] Fall back to translate 'login:Please input your code' key with 'en' locale. @ http://localhost:7001/node_modules/.vite/deps/vue-i18n.js?v=6b4ba82f:23
[   67502ms] [WARNING] [i18n] missing: login:Please input your code @ http://localhost:7001/src/i18n/index.ts?t=1774856322218:63
[   67503ms] [WARNING] [i18n] missing: login:No account? @ http://localhost:7001/src/i18n/index.ts?t=1774856322218:63
[   67503ms] [WARNING] [intlify] Fall back to translate 'login:No account?' key with 'en' locale. @ http://localhost:7001/node_modules/.vite/deps/vue-i18n.js?v=6b4ba82f:23
[   67504ms] [WARNING] [i18n] missing: login:Back @ http://localhost:7001/src/i18n/index.ts?t=1774856322218:63
[   67504ms] [WARNING] [intlify] Fall back to translate 'login:Back' key with 'en' locale. @ http://localhost:7001/node_modules/.vite/deps/vue-i18n.js?v=6b4ba82f:23
[   67504ms] [WARNING] [i18n] missing: login:Back @ http://localhost:7001/src/i18n/index.ts?t=1774856322218:63
[   67505ms] [WARNING] [i18n] missing: general:Select a language @ http://localhost:7001/src/i18n/index.ts?t=1774856322218:63
[   67505ms] [WARNING] [intlify] Fall back to translate 'general:Select a language' key with 'en' locale. @ http://localhost:7001/node_modules/.vite/deps/vue-i18n.js?v=6b4ba82f:23
[   67505ms] [WARNING] [i18n] missing: general:Select a language @ http://localhost:7001/src/i18n/index.ts?t=1774856322218:63
[   67519ms] [WARNING] [i18n] missing: login:username, email or phone @ http://localhost:7001/src/i18n/index.ts?t=1774856322218:63
[   67519ms] [WARNING] [intlify] Fall back to translate 'login:username, email or phone' key with 'en' locale. @ http://localhost:7001/node_modules/.vite/deps/vue-i18n.js?v=6b4ba82f:23
[   67519ms] [WARNING] [i18n] missing: login:username, email or phone @ http://localhost:7001/src/i18n/index.ts?t=1774856322218:63
[   67522ms] [WARNING] [i18n] missing: login:Password @ http://localhost:7001/src/i18n/index.ts?t=1774856322218:63
[   67522ms] [WARNING] [intlify] Fall back to translate 'login:Password' key with 'en' locale. @ http://localhost:7001/node_modules/.vite/deps/vue-i18n.js?v=6b4ba82f:23
[   67522ms] [WARNING] [i18n] missing: login:Password @ http://localhost:7001/src/i18n/index.ts?t=1774856322218:63
[   67524ms] [WARNING] [i18n] missing: code:Enter your code @ http://localhost:7001/src/i18n/index.ts?t=1774856322218:63
[   67524ms] [WARNING] [intlify] Fall back to translate 'code:Enter your code' key with 'en' locale. @ http://localhost:7001/node_modules/.vite/deps/vue-i18n.js?v=6b4ba82f:23
[   67526ms] [WARNING] [i18n] missing: code:Send Code @ http://localhost:7001/src/i18n/index.ts?t=1774856322218:63
[   67526ms] [WARNING] [intlify] Fall back to translate 'code:Send Code' key with 'en' locale. @ http://localhost:7001/node_modules/.vite/deps/vue-i18n.js?v=6b4ba82f:23
[   67527ms] [WARNING] [i18n] missing: general:Captcha @ http://localhost:7001/src/i18n/index.ts?t=1774856322218:63
[   67527ms] [WARNING] [intlify] Fall back to translate 'general:Captcha' key with 'en' locale. @ http://localhost:7001/node_modules/.vite/deps/vue-i18n.js?v=6b4ba82f:23
[   67528ms] [WARNING] [i18n] missing: general:OK @ http://localhost:7001/src/i18n/index.ts?t=1774856322218:63
[   67528ms] [WARNING] [intlify] Fall back to translate 'general:OK' key with 'en' locale. @ http://localhost:7001/node_modules/.vite/deps/vue-i18n.js?v=6b4ba82f:23
[   67528ms] [WARNING] [i18n] missing: general:Cancel @ http://localhost:7001/src/i18n/index.ts?t=1774856322218:63
[   67528ms] [WARNING] [intlify] Fall back to translate 'general:Cancel' key with 'en' locale. @ http://localhost:7001/node_modules/.vite/deps/vue-i18n.js?v=6b4ba82f:23
[   67530ms] [WARNING] [i18n] missing: login:I have read and agree to the @ http://localhost:7001/src/i18n/index.ts?t=1774856322218:63
[   67530ms] [WARNING] [intlify] Fall back to translate 'login:I have read and agree to the' key with 'en' locale. @ http://localhost:7001/node_modules/.vite/deps/vue-i18n.js?v=6b4ba82f:23
[   67530ms] [WARNING] [i18n] missing: login:I have read and agree to the @ http://localhost:7001/src/i18n/index.ts?t=1774856322218:63
[   67530ms] [WARNING] [i18n] missing: login:Terms of Use @ http://localhost:7001/src/i18n/index.ts?t=1774856322218:63
[   67530ms] [WARNING] [intlify] Fall back to translate 'login:Terms of Use' key with 'en' locale. @ http://localhost:7001/node_modules/.vite/deps/vue-i18n.js?v=6b4ba82f:23
[   67530ms] [WARNING] [i18n] missing: login:Terms of Use @ http://localhost:7001/src/i18n/index.ts?t=1774856322218:63
[   67531ms] [WARNING] [i18n] missing: login:Forgot password? @ http://localhost:7001/src/i18n/index.ts?t=1774856322218:63
[   67531ms] [WARNING] [intlify] Fall back to translate 'login:Forgot password?' key with 'en' locale. @ http://localhost:7001/node_modules/.vite/deps/vue-i18n.js?v=6b4ba82f:23
[   67532ms] [WARNING] [i18n] missing: login:Sign In @ http://localhost:7001/src/i18n/index.ts?t=1774856322218:63
[   67532ms] [WARNING] [intlify] Fall back to translate 'login:Sign In' key with 'en' locale. @ http://localhost:7001/node_modules/.vite/deps/vue-i18n.js?v=6b4ba82f:23
[   67532ms] [WARNING] [i18n] missing: login:sign up now @ http://localhost:7001/src/i18n/index.ts?t=1774856322218:63
[   67532ms] [WARNING] [intlify] Fall back to translate 'login:sign up now' key with 'en' locale. @ http://localhost:7001/node_modules/.vite/deps/vue-i18n.js?v=6b4ba82f:23
[   67532ms] [WARNING] [i18n] missing: general:Captcha @ http://localhost:7001/src/i18n/index.ts?t=1774856322218:63
[   67532ms] [WARNING] [intlify] Fall back to translate 'general:Captcha' key with 'en' locale. @ http://localhost:7001/node_modules/.vite/deps/vue-i18n.js?v=6b4ba82f:23
[   67532ms] [WARNING] [i18n] missing: general:OK @ http://localhost:7001/src/i18n/index.ts?t=1774856322218:63
[   67533ms] [WARNING] [intlify] Fall back to translate 'general:OK' key with 'en' locale. @ http://localhost:7001/node_modules/.vite/deps/vue-i18n.js?v=6b4ba82f:23
[   67533ms] [WARNING] [i18n] missing: general:Cancel @ http://localhost:7001/src/i18n/index.ts?t=1774856322218:63
[   67533ms] [WARNING] [intlify] Fall back to translate 'general:Cancel' key with 'en' locale. @ http://localhost:7001/node_modules/.vite/deps/vue-i18n.js?v=6b4ba82f:23
[   67533ms] [WARNING] [i18n] missing: login:Terms of Use @ http://localhost:7001/src/i18n/index.ts?t=1774856322218:63
[   67533ms] [WARNING] [intlify] Fall back to translate 'login:Terms of Use' key with 'en' locale. @ http://localhost:7001/node_modules/.vite/deps/vue-i18n.js?v=6b4ba82f:23
[   67533ms] [WARNING] [i18n] missing: login:Terms of Use @ http://localhost:7001/src/i18n/index.ts?t=1774856322218:63
[   67535ms] [WARNING] [i18n] missing: code:Send Code @ http://localhost:7001/src/i18n/index.ts?t=1774856322218:63
[   67535ms] [WARNING] [intlify] Fall back to translate 'code:Send Code' key with 'en' locale. @ http://localhost:7001/node_modules/.vite/deps/vue-i18n.js?v=6b4ba82f:23
[   67540ms] [WARNING] [i18n] missing: login:username, email or phone @ http://localhost:7001/src/i18n/index.ts?t=1774856322218:63
[   67540ms] [WARNING] [intlify] Fall back to translate 'login:username, email or phone' key with 'en' locale. @ http://localhost:7001/node_modules/.vite/deps/vue-i18n.js?v=6b4ba82f:23
[   67540ms] [WARNING] [i18n] missing: login:username, email or phone @ http://localhost:7001/src/i18n/index.ts?t=1774856322218:63
[   67540ms] [WARNING] [i18n] missing: login:Password @ http://localhost:7001/src/i18n/index.ts?t=1774856322218:63
[   67540ms] [WARNING] [intlify] Fall back to translate 'login:Password' key with 'en' locale. @ http://localhost:7001/node_modules/.vite/deps/vue-i18n.js?v=6b4ba82f:23
[   67540ms] [WARNING] [i18n] missing: login:Password @ http://localhost:7001/src/i18n/index.ts?t=1774856322218:63
[   67541ms] [WARNING] [i18n] missing: code:Enter your code @ http://localhost:7001/src/i18n/index.ts?t=1774856322218:63
[   67541ms] [WARNING] [intlify] Fall back to translate 'code:Enter your code' key with 'en' locale. @ http://localhost:7001/node_modules/.vite/deps/vue-i18n.js?v=6b4ba82f:23
[   67541ms] [WARNING] [i18n] missing: login:Sign In @ http://localhost:7001/src/i18n/index.ts?t=1774856322218:63
[   67541ms] [WARNING] [intlify] Fall back to translate 'login:Sign In' key with 'en' locale. @ http://localhost:7001/node_modules/.vite/deps/vue-i18n.js?v=6b4ba82f:23
[   67543ms] [WARNING] [i18n] missing: login:username, email or phone @ http://localhost:7001/src/i18n/index.ts?t=1774856322218:63
[   67543ms] [WARNING] [intlify] Fall back to translate 'login:username, email or phone' key with 'en' locale. @ http://localhost:7001/node_modules/.vite/deps/vue-i18n.js?v=6b4ba82f:23
[   67543ms] [WARNING] [i18n] missing: login:username, email or phone @ http://localhost:7001/src/i18n/index.ts?t=1774856322218:63
[   67544ms] [WARNING] [i18n] missing: login:Password @ http://localhost:7001/src/i18n/index.ts?t=1774856322218:63
[   67544ms] [WARNING] [intlify] Fall back to translate 'login:Password' key with 'en' locale. @ http://localhost:7001/node_modules/.vite/deps/vue-i18n.js?v=6b4ba82f:23
[   67544ms] [WARNING] [i18n] missing: login:Password @ http://localhost:7001/src/i18n/index.ts?t=1774856322218:63
[   67544ms] [WARNING] [i18n] missing: code:Enter your code @ http://localhost:7001/src/i18n/index.ts?t=1774856322218:63
[   67544ms] [WARNING] [intlify] Fall back to translate 'code:Enter your code' key with 'en' locale. @ http://localhost:7001/node_modules/.vite/deps/vue-i18n.js?v=6b4ba82f:23
[   67545ms] [WARNING] [i18n] missing: login:Sign In @ http://localhost:7001/src/i18n/index.ts?t=1774856322218:63
[   67545ms] [WARNING] [intlify] Fall back to translate 'login:Sign In' key with 'en' locale. @ http://localhost:7001/node_modules/.vite/deps/vue-i18n.js?v=6b4ba82f:23
